
> acrox-tv-landing@0.1.0 test:e2e
> node scripts/run-e2e.mjs


Running 180 tests using 5 workers

  ✓    2 [chromium] › tests/e2e/acroxtv-contracts.spec.ts:59:7 › Acrox TV program registry contract › does not collide with current static routes or public-root paths (1ms)
  ✓    1 [chromium] › tests/e2e/acroxtv-contracts.spec.ts:43:7 › Acrox TV program registry contract › rejects duplicate and reserved slugs (4ms)
  ✓    3 [chromium] › tests/e2e/acroxtv-contracts.spec.ts:35:7 › Acrox TV program registry contract › discovers every registered program through its direct canonical sitemap URL (2ms)
  ✓    6 [chromium] › tests/e2e/acroxtv-contracts.spec.ts:79:7 › Acrox TV program registry contract › pins Turbopack to this absolute project root (0ms)
  ✓    4 [chromium] › tests/e2e/acroxtv-contracts.spec.ts:48:7 › Acrox TV program registry contract › rejects invalid, static-route, and public-root collisions (3ms)
  ✓    5 [chromium] › tests/e2e/acroxtv-contracts.spec.ts:63:7 › Acrox TV program registry contract › runs the parallel browser suite against a fresh production server (2ms)
  ✓    7 [chromium] › tests/e2e/acroxtv-contracts.spec.ts:83:7 › Acrox TV program registry contract › documents the registry, media adapter, and scoped feed HTTP contracts (4ms)
  ✓    9 [chromium] › tests/e2e/acroxtv-contracts.spec.ts:29:7 › Acrox TV program registry contract › exposes the two canonical program paths (2ms)
[WebServer] Error: Internal: NoFallbackError
[WebServer]     at n (.next/server/chunks/ssr/_1d0189b4._.js:2:1128)
[WebServer]     at responseGenerator (.next/server/chunks/ssr/_1d0189b4._.js:2:2770)
  ✓   13 [chromium] › tests/e2e/acroxtv-editorial.spec.ts:111:7 › Acrox TV direct program routes › keeps Instagram unavailable without sibling media (2.1s)
  ✓   11 [chromium] › tests/e2e/acroxtv-editorial.spec.ts:72:7 › Acrox TV direct program routes › serves the canonical Alta URL and rejects the former direct alias (2.1s)
  ✓    8 [chromium] › tests/e2e/acroxtv-editorial.spec.ts:42:7 › Acrox TV direct program routes › serves registered programs as generated static pages with route metadata (2.5s)
  ✓   12 [chromium] › tests/e2e/acroxtv-editorial.spec.ts:81:7 › Acrox TV direct program routes › keeps direct program media scoped while Navbar uses the legacy feed (2.6s)
  ✓   10 [chromium] › tests/e2e/acroxtv-editorial.spec.ts:56:7 › Acrox TV direct program routes › renders every registered program inside the Acrox shell (2.9s)
  ✓   14 [chromium] › tests/e2e/acroxtv-editorial.spec.ts:157:7 › Acrox TV direct program routes › renders unavailable Instagram distinctly with a latest-episode fallback (1.5s)
  ✓   15 [chromium] › tests/e2e/acroxtv-editorial.spec.ts:181:7 › Acrox TV direct program routes › renders stale Instagram items with a stale indication (1.5s)
  ✓   16 [chromium] › tests/e2e/acroxtv-editorial.spec.ts:212:7 › Acrox TV direct program routes › keeps an available zero-item feed honest (1.3s)
[WebServer] Error: Internal: NoFallbackError
[WebServer]     at n (.next/server/chunks/ssr/_1d0189b4._.js:2:1128)
[WebServer]     at responseGenerator (.next/server/chunks/ssr/_1d0189b4._.js:2:2770)
  ✓   17 [chromium] › tests/e2e/acroxtv-editorial.spec.ts:238:9 › Acrox TV direct program routes › keeps a available empty Instagram feed honest (1.3s)
[WebServer] Error: Internal: NoFallbackError
[WebServer]     at n (.next/server/chunks/ssr/_1d0189b4._.js:2:1128)
[WebServer]     at responseGenerator (.next/server/chunks/ssr/_1d0189b4._.js:2:2770)
  ✓   20 [chromium] › tests/e2e/acroxtv-editorial.spec.ts:309:7 › Acrox TV direct program routes › leaves explicit static and API routes under their current owners (522ms)
  ✓   18 [chromium] › tests/e2e/acroxtv-editorial.spec.ts:238:9 › Acrox TV direct program routes › keeps a stale empty Instagram feed honest (1.4s)
  ✓   21 [chromium] › tests/e2e/acroxtv-editorial.spec.ts:318:7 › Acrox TV direct program routes › returns the established not-found page for unknown and reserved paths (1.0s)
  ✓   19 [chromium] › tests/e2e/acroxtv-editorial.spec.ts:257:7 › Acrox TV direct program routes › renders an Instagram error distinctly from the primary episode error (1.3s)
  ✓   23 [chromium] › tests/e2e/acroxtv-editorial.spec.ts:363:7 › Acrox TV editorial directory › keeps each canonical program name in the visible editorial hierarchy (842ms)
  ✓   24 [chromium] › tests/e2e/acroxtv-editorial.spec.ts:372:7 › Acrox TV editorial directory › places the home program directory directly on the page background (901ms)
  ✓   22 [chromium] › tests/e2e/acroxtv-editorial.spec.ts:346:7 › Acrox TV editorial directory › renders equally prominent canonical program covers and keeps the approved-only ribbon off program pages (1.9s)
  ✓   27 [chromium] › tests/e2e/acroxtv-editorial.spec.ts:416:7 › Acrox TV editorial directory › shows a visible program fallback when artwork fails to load (972ms)
  ✓   25 [chromium] › tests/e2e/acroxtv-editorial.spec.ts:388:7 › Acrox TV editorial directory › keeps editorial covers in the Tab sequence and activates them with the keyboard (1.3s)
  ✓   26 [chromium] › tests/e2e/acroxtv-editorial.spec.ts:402:7 › Acrox TV editorial directory › keeps reverse Tab navigation between editorial covers (1.3s)
  ✓   28 [chromium] › tests/e2e/acroxtv-editorial.spec.ts:434:7 › Acrox TV editorial directory › shows a visible program fallback when artwork failed before hydration (969ms)
  ✓   29 [chromium] › tests/e2e/acroxtv-editorial.spec.ts:461:7 › Acrox TV editorial directory › keeps loaded artwork visible (616ms)
  ✓   33 [chromium] › tests/e2e/acroxtv-feed.http.spec.ts:4:7 › program-scoped Acrox TV feed HTTP contract › rejects unknown slugs without reaching a provider (504ms)
[WebServer] [acroxtv-feed] Instagram fetch failed {
[WebServer]   name: 'Error',
[WebServer]   message: 'Instagram feed misconfigured: missing INSTAGRAM_ACCESS_TOKEN or INSTAGRAM_USER_ID'
[WebServer] }
[WebServer] [acroxtv-feed] Instagram unavailable without snapshot {
[WebServer]   name: 'Error',
[WebServer]   message: 'Instagram feed misconfigured: missing INSTAGRAM_ACCESS_TOKEN or INSTAGRAM_USER_ID'
[WebServer] }
  ✓   32 [chromium] › tests/e2e/acroxtv-editorial.spec.ts:491:7 › Acrox TV editorial directory › keeps legacy media, live, and feed content out of the home directory (588ms)
  ✓   30 [chromium] › tests/e2e/acroxtv-editorial.spec.ts:469:7 › Acrox TV editorial directory › renders neutral sponsorship cells without inventing brands (635ms)
  ✓   31 [chromium] › tests/e2e/acroxtv-editorial.spec.ts:479:7 › Acrox TV editorial directory › pauses the sponsorship ribbon for keyboard and reduced-motion visitors (695ms)
[WebServer] [acroxtv-feed] Instagram fetch failed {
[WebServer]   name: 'Error',
[WebServer]   message: 'Instagram feed misconfigured: missing INSTAGRAM_ACCESS_TOKEN or INSTAGRAM_USER_ID'
[WebServer] }
[WebServer] [acroxtv-feed] Instagram unavailable without snapshot {
[WebServer]   name: 'Error',
[WebServer]   message: 'Instagram feed misconfigured: missing INSTAGRAM_ACCESS_TOKEN or INSTAGRAM_USER_ID'
[WebServer] }
[WebServer] [acroxtv-feed] Instagram fetch failed {
[WebServer]   name: 'Error',
[WebServer]   message: 'Instagram feed misconfigured: missing INSTAGRAM_ACCESS_TOKEN or INSTAGRAM_USER_ID'
[WebServer] }
[WebServer] [acroxtv-feed] Instagram unavailable without snapshot {
[WebServer]   name: 'Error',
[WebServer]   message: 'Instagram feed misconfigured: missing INSTAGRAM_ACCESS_TOKEN or INSTAGRAM_USER_ID'
[WebServer] }
[WebServer] [acroxtv-feed] Instagram fetch failed {
[WebServer]   name: 'Error',
[WebServer]   message: 'Instagram feed misconfigured: missing INSTAGRAM_ACCESS_TOKEN or INSTAGRAM_USER_ID'
[WebServer] }
[WebServer] [acroxtv-feed] Instagram unavailable without snapshot {
[WebServer]   name: 'Error',
[WebServer]   message: 'Instagram feed misconfigured: missing INSTAGRAM_ACCESS_TOKEN or INSTAGRAM_USER_ID'
[WebServer] }
[WebServer] [acroxtv-feed] Instagram fetch failed {
[WebServer]   name: 'Error',
[WebServer]   message: 'Instagram feed misconfigured: missing INSTAGRAM_ACCESS_TOKEN or INSTAGRAM_USER_ID'
[WebServer] }
[WebServer] [acroxtv-feed] Instagram unavailable without snapshot {
[WebServer]   name: 'Error',
[WebServer]   message: 'Instagram feed misconfigured: missing INSTAGRAM_ACCESS_TOKEN or INSTAGRAM_USER_ID'
[WebServer] }
  ✓   38 [chromium] › tests/e2e/acroxtv-program-media-preview.spec.ts:120:7 › program media previews › keeps the program feed isolated and preserves unavailable Instagram plus Footer (1.6s)
  ✓   36 [chromium] › tests/e2e/acroxtv-program-media-preview.spec.ts:101:7 › program media previews › fills the latest preview media container on desktop (1.7s)
  ✓   35 [chromium] › tests/e2e/acroxtv-program-media-preview.spec.ts:90:7 › program media previews › closes the latest preview after outside interaction (1.8s)
  ✓   34 [chromium] › tests/e2e/acroxtv-program-media-preview.spec.ts:72:7 › program media previews › opens the scoped latest preview and restores its thumbnail with Escape (2.1s)
  ✓   37 [chromium] › tests/e2e/acroxtv-program-media-preview.spec.ts:108:7 › program media previews › uses keyboard-operable scoped carousels for Más visto and Episodios (1.9s)
[WebServer] [acroxtv-feed] Instagram fetch failed {
[WebServer]   name: 'Error',
[WebServer]   message: 'Instagram feed misconfigured: missing INSTAGRAM_ACCESS_TOKEN or INSTAGRAM_USER_ID'
[WebServer] }
[WebServer] [acroxtv-feed] Instagram unavailable without snapshot {
[WebServer]   name: 'Error',
[WebServer]   message: 'Instagram feed misconfigured: missing INSTAGRAM_ACCESS_TOKEN or INSTAGRAM_USER_ID'
[WebServer] }
[WebServer] [acroxtv-feed] Instagram fetch failed {
[WebServer]   name: 'Error',
[WebServer]   message: 'Instagram feed misconfigured: missing INSTAGRAM_ACCESS_TOKEN or INSTAGRAM_USER_ID'
[WebServer] }
[WebServer] [acroxtv-feed] Instagram unavailable without snapshot {
[WebServer]   name: 'Error',
[WebServer]   message: 'Instagram feed misconfigured: missing INSTAGRAM_ACCESS_TOKEN or INSTAGRAM_USER_ID'
[WebServer] }
[WebServer] [acroxtv-feed] Instagram fetch failed {
[WebServer]   name: 'Error',
[WebServer]   message: 'Instagram feed misconfigured: missing INSTAGRAM_ACCESS_TOKEN or INSTAGRAM_USER_ID'
[WebServer] }
[WebServer] [acroxtv-feed] Instagram unavailable without snapshot {
[WebServer]   name: 'Error',
[WebServer]   message: 'Instagram feed misconfigured: missing INSTAGRAM_ACCESS_TOKEN or INSTAGRAM_USER_ID'
[WebServer] }
[WebServer] [acroxtv-feed] Instagram fetch failed {
[WebServer]   name: 'Error',
[WebServer]   message: 'Instagram feed misconfigured: missing INSTAGRAM_ACCESS_TOKEN or INSTAGRAM_USER_ID'
[WebServer] }
[WebServer] [acroxtv-feed] Instagram unavailable without snapshot {
[WebServer]   name: 'Error',
[WebServer]   message: 'Instagram feed misconfigured: missing INSTAGRAM_ACCESS_TOKEN or INSTAGRAM_USER_ID'
[WebServer] }
[WebServer] [acroxtv-feed] Instagram fetch failed {
[WebServer]   name: 'Error',
[WebServer]   message: 'Instagram feed misconfigured: missing INSTAGRAM_ACCESS_TOKEN or INSTAGRAM_USER_ID'
[WebServer] }
[WebServer] [acroxtv-feed] Instagram unavailable without snapshot {
[WebServer]   name: 'Error',
[WebServer]   message: 'Instagram feed misconfigured: missing INSTAGRAM_ACCESS_TOKEN or INSTAGRAM_USER_ID'
[WebServer] }
  ✓   41 [chromium] › tests/e2e/acroxtv-wp2-program-isolation.spec.ts:20:9 › WP-2 program media isolation › does not render mas-que-nutricion media on /alta-data-te-tire (1.3s)
  ✓   40 [chromium] › tests/e2e/acroxtv-program-media-preview.spec.ts:170:7 › program media previews › stacks the dashboard panels without overflow on mobile (1.3s)
  ✓   42 [chromium] › tests/e2e/acroxtv-wp2-program-isolation.spec.ts:20:9 › WP-2 program media isolation › does not render alta-data-te-tire media on /mas-que-nutricion (1.3s)
[WebServer] [acroxtv-feed] Instagram fetch failed {
[WebServer]   name: 'Error',
[WebServer]   message: 'Instagram feed misconfigured: missing INSTAGRAM_ACCESS_TOKEN or INSTAGRAM_USER_ID'
[WebServer] }
[WebServer] [acroxtv-feed] Instagram unavailable without snapshot {
[WebServer]   name: 'Error',
[WebServer]   message: 'Instagram feed misconfigured: missing INSTAGRAM_ACCESS_TOKEN or INSTAGRAM_USER_ID'
[WebServer] }
[WebServer] [acroxtv-feed] Instagram fetch failed {
[WebServer]   name: 'Error',
[WebServer]   message: 'Instagram feed misconfigured: missing INSTAGRAM_ACCESS_TOKEN or INSTAGRAM_USER_ID'
[WebServer] }
[WebServer] [acroxtv-feed] Instagram unavailable without snapshot {
[WebServer]   name: 'Error',
[WebServer]   message: 'Instagram feed misconfigured: missing INSTAGRAM_ACCESS_TOKEN or INSTAGRAM_USER_ID'
[WebServer] }
  ✓   39 [chromium] › tests/e2e/acroxtv-program-media-preview.spec.ts:137:7 › program media previews › presents a dominant lead preview above three aligned media panels on desktop (1.7s)
  ✓   46 [chromium] › tests/e2e/critical.spec.ts:85:7 › Navbar Desktop › shows the live badge and opens the legacy live stream when the feed is live (968ms)
  ✓   47 [chromium] › tests/e2e/critical.spec.ts:118:7 › Navbar Desktop › keeps the Acrox TV anchors internal when the legacy feed is not live (837ms)
  ✓   43 [chromium] › tests/e2e/critical.spec.ts:51:7 › Hero CTAs › Solicitar Propuesta lleva a contacto (2.3s)
[WebServer] [acroxtv-feed] Instagram fetch failed {
[WebServer]   name: 'Error',
[WebServer]   message: 'Instagram feed misconfigured: missing INSTAGRAM_ACCESS_TOKEN or INSTAGRAM_USER_ID'
[WebServer] }
[WebServer] [acroxtv-feed] Instagram unavailable without snapshot {
[WebServer]   name: 'Error',
[WebServer]   message: 'Instagram feed misconfigured: missing INSTAGRAM_ACCESS_TOKEN or INSTAGRAM_USER_ID'
[WebServer] }
[WebServer] [acroxtv-feed] Instagram fetch failed {
[WebServer]   name: 'Error',
[WebServer]   message: 'Instagram feed misconfigured: missing INSTAGRAM_ACCESS_TOKEN or INSTAGRAM_USER_ID'
[WebServer] }
[WebServer] [acroxtv-feed] Instagram unavailable without snapshot {
[WebServer]   name: 'Error',
[WebServer]   message: 'Instagram feed misconfigured: missing INSTAGRAM_ACCESS_TOKEN or INSTAGRAM_USER_ID'
[WebServer] }
[WebServer] [acroxtv-feed] Instagram fetch failed {
[WebServer]   name: 'Error',
[WebServer]   message: 'Instagram feed misconfigured: missing INSTAGRAM_ACCESS_TOKEN or INSTAGRAM_USER_ID'
[WebServer] }
[WebServer] [acroxtv-feed] Instagram unavailable without snapshot {
[WebServer]   name: 'Error',
[WebServer]   message: 'Instagram feed misconfigured: missing INSTAGRAM_ACCESS_TOKEN or INSTAGRAM_USER_ID'
[WebServer] }
  ✓   45 [chromium] › tests/e2e/critical.spec.ts:69:7 › Navbar Desktop › links principales navegan a secciones relevantes (1.5s)
[WebServer] [acroxtv-feed] Instagram fetch failed {
[WebServer]   name: 'Error',
[WebServer]   message: 'Instagram feed misconfigured: missing INSTAGRAM_ACCESS_TOKEN or INSTAGRAM_USER_ID'
[WebServer] }
[WebServer] [acroxtv-feed] Instagram unavailable without snapshot {
[WebServer]   name: 'Error',
[WebServer]   message: 'Instagram feed misconfigured: missing INSTAGRAM_ACCESS_TOKEN or INSTAGRAM_USER_ID'
[WebServer] }
  ✓   44 [chromium] › tests/e2e/critical.spec.ts:59:7 › Hero CTAs › Ver Nuestros Proyectos navega a /proyectos (1.8s)
[WebServer] [acroxtv-feed] Instagram fetch failed {
[WebServer]   name: 'Error',
[WebServer]   message: 'Instagram feed misconfigured: missing INSTAGRAM_ACCESS_TOKEN or INSTAGRAM_USER_ID'
[WebServer] }
[WebServer] [acroxtv-feed] Instagram unavailable without snapshot {
[WebServer]   name: 'Error',
[WebServer]   message: 'Instagram feed misconfigured: missing INSTAGRAM_ACCESS_TOKEN or INSTAGRAM_USER_ID'
[WebServer] }
[WebServer] [acroxtv-feed] Instagram fetch failed {
[WebServer]   name: 'Error',
[WebServer]   message: 'Instagram feed misconfigured: missing INSTAGRAM_ACCESS_TOKEN or INSTAGRAM_USER_ID'
[WebServer] }
[WebServer] [acroxtv-feed] Instagram unavailable without snapshot {
[WebServer]   name: 'Error',
[WebServer]   message: 'Instagram feed misconfigured: missing INSTAGRAM_ACCESS_TOKEN or INSTAGRAM_USER_ID'
[WebServer] }
[WebServer] [acroxtv-feed] Instagram fetch failed {
[WebServer]   name: 'Error',
[WebServer]   message: 'Instagram feed misconfigured: missing INSTAGRAM_ACCESS_TOKEN or INSTAGRAM_USER_ID'
[WebServer] }
[WebServer] [acroxtv-feed] Instagram unavailable without snapshot {
[WebServer]   name: 'Error',
[WebServer]   message: 'Instagram feed misconfigured: missing INSTAGRAM_ACCESS_TOKEN or INSTAGRAM_USER_ID'
[WebServer] }
  ✓   50 [chromium] › tests/e2e/critical.spec.ts:171:7 › Form Negative Validations › sin servicio no envia (2.8s)
  ✓   49 [chromium] › tests/e2e/critical.spec.ts:159:7 › Form Negative Validations › sin consentimiento no envia (2.9s)
  ✓   48 [chromium] › tests/e2e/critical.spec.ts:145:7 › Form Negative Validations › submit vacio no envia (3.0s)
  ✓   52 [chromium] › tests/e2e/critical.spec.ts:204:9 › Directorio de programas › la portada de Alta Data ¡Te Tire! lleva a su página canónica (2.4s)
[WebServer] [acroxtv-feed] Instagram fetch failed {
[WebServer]   name: 'Error',
[WebServer]   message: 'Instagram feed misconfigured: missing INSTAGRAM_ACCESS_TOKEN or INSTAGRAM_USER_ID'
[WebServer] }
[WebServer] [acroxtv-feed] Instagram unavailable without snapshot {
[WebServer]   name: 'Error',
[WebServer]   message: 'Instagram feed misconfigured: missing INSTAGRAM_ACCESS_TOKEN or INSTAGRAM_USER_ID'
[WebServer] }
[WebServer] [acroxtv-feed] Instagram fetch failed {
[WebServer]   name: 'Error',
[WebServer]   message: 'Instagram feed misconfigured: missing INSTAGRAM_ACCESS_TOKEN or INSTAGRAM_USER_ID'
[WebServer] }
[WebServer] [acroxtv-feed] Instagram unavailable without snapshot {
[WebServer]   name: 'Error',
[WebServer]   message: 'Instagram feed misconfigured: missing INSTAGRAM_ACCESS_TOKEN or INSTAGRAM_USER_ID'
[WebServer] }
[WebServer] [acroxtv-feed] Instagram fetch failed {
[WebServer]   name: 'Error',
[WebServer]   message: 'Instagram feed misconfigured: missing INSTAGRAM_ACCESS_TOKEN or INSTAGRAM_USER_ID'
[WebServer] }
[WebServer] [acroxtv-feed] Instagram unavailable without snapshot {
[WebServer]   name: 'Error',
[WebServer]   message: 'Instagram feed misconfigured: missing INSTAGRAM_ACCESS_TOKEN or INSTAGRAM_USER_ID'
[WebServer] }
  ✓   51 [chromium] › tests/e2e/critical.spec.ts:185:7 › Popup Fallback › cuando window.open falla aplica fallback y no rompe flujo (2.9s)
  ✓   57 [chromium] › tests/e2e/smoke.spec.ts:27:5 › sitemap includes proyectos (98ms)
[WebServer] [acroxtv-feed] Instagram fetch failed {
[WebServer]   name: 'Error',
[WebServer]   message: 'Instagram feed misconfigured: missing INSTAGRAM_ACCESS_TOKEN or INSTAGRAM_USER_ID'
[WebServer] }
[WebServer] [acroxtv-feed] Instagram unavailable without snapshot {
[WebServer]   name: 'Error',
[WebServer]   message: 'Instagram feed misconfigured: missing INSTAGRAM_ACCESS_TOKEN or INSTAGRAM_USER_ID'
[WebServer] }
  ✓   54 [chromium] › tests/e2e/smoke.spec.ts:3:5 › home renders key sections (758ms)
[WebServer] [acroxtv-feed] Instagram fetch failed {
[WebServer]   name: 'Error',
[WebServer]   message: 'Instagram feed misconfigured: missing INSTAGRAM_ACCESS_TOKEN or INSTAGRAM_USER_ID'
[WebServer] }
[WebServer] [acroxtv-feed] Instagram unavailable without snapshot {
[WebServer]   name: 'Error',
[WebServer]   message: 'Instagram feed misconfigured: missing INSTAGRAM_ACCESS_TOKEN or INSTAGRAM_USER_ID'
[WebServer] }
  ✓   56 [chromium] › tests/e2e/smoke.spec.ts:19:5 › terms and privacy pages load (900ms)
  ✓   53 [chromium] › tests/e2e/critical.spec.ts:204:9 › Directorio de programas › la portada de Más que Nutrición lleva a su página canónica (1.0s)
  ✓   55 [chromium] › tests/e2e/smoke.spec.ts:13:5 › proyectos page loads (1.1s)
  ✓   59 [firefox] › tests/e2e/acroxtv-contracts.spec.ts:29:7 › Acrox TV program registry contract › exposes the two canonical program paths (3ms)
  ✓   60 [firefox] › tests/e2e/acroxtv-contracts.spec.ts:59:7 › Acrox TV program registry contract › does not collide with current static routes or public-root paths (0ms)
  ✓   61 [firefox] › tests/e2e/acroxtv-contracts.spec.ts:63:7 › Acrox TV program registry contract › runs the parallel browser suite against a fresh production server (3ms)
  ✓   62 [firefox] › tests/e2e/acroxtv-contracts.spec.ts:79:7 › Acrox TV program registry contract › pins Turbopack to this absolute project root (0ms)
  ✓   63 [firefox] › tests/e2e/acroxtv-contracts.spec.ts:83:7 › Acrox TV program registry contract › documents the registry, media adapter, and scoped feed HTTP contracts (4ms)
  ✓   65 [firefox] › tests/e2e/acroxtv-contracts.spec.ts:35:7 › Acrox TV program registry contract › discovers every registered program through its direct canonical sitemap URL (5ms)
  ✓   66 [firefox] › tests/e2e/acroxtv-contracts.spec.ts:43:7 › Acrox TV program registry contract › rejects duplicate and reserved slugs (6ms)
  ✓   69 [firefox] › tests/e2e/acroxtv-contracts.spec.ts:48:7 › Acrox TV program registry contract › rejects invalid, static-route, and public-root collisions (6ms)
  ✓   58 [chromium] › tests/e2e/smoke.spec.ts:34:5 › contact form submits and reaches success state (1.8s)
  ✓   64 [firefox] › tests/e2e/acroxtv-editorial.spec.ts:42:7 › Acrox TV direct program routes › serves registered programs as generated static pages with route metadata (2.9s)
  ✓   70 [firefox] › tests/e2e/acroxtv-editorial.spec.ts:81:7 › Acrox TV direct program routes › keeps direct program media scoped while Navbar uses the legacy feed (3.1s)
[WebServer] Error: Internal: NoFallbackError
[WebServer]     at n (.next/server/chunks/ssr/_1d0189b4._.js:2:1128)
[WebServer]     at responseGenerator (.next/server/chunks/ssr/_1d0189b4._.js:2:2770)
  ✓   67 [firefox] › tests/e2e/acroxtv-editorial.spec.ts:56:7 › Acrox TV direct program routes › renders every registered program inside the Acrox shell (3.3s)
  ✓   68 [firefox] › tests/e2e/acroxtv-editorial.spec.ts:72:7 › Acrox TV direct program routes › serves the canonical Alta URL and rejects the former direct alias (3.1s)
  ✓   71 [firefox] › tests/e2e/acroxtv-editorial.spec.ts:111:7 › Acrox TV direct program routes › keeps Instagram unavailable without sibling media (3.2s)
  ✓   72 [firefox] › tests/e2e/acroxtv-editorial.spec.ts:157:7 › Acrox TV direct program routes › renders unavailable Instagram distinctly with a latest-episode fallback (2.0s)
  ✓   73 [firefox] › tests/e2e/acroxtv-editorial.spec.ts:181:7 › Acrox TV direct program routes › renders stale Instagram items with a stale indication (1.4s)
  ✓   74 [firefox] › tests/e2e/acroxtv-editorial.spec.ts:212:7 › Acrox TV direct program routes › keeps an available zero-item feed honest (1.4s)
[WebServer] Error: Internal: NoFallbackError
[WebServer]     at n (.next/server/chunks/ssr/_1d0189b4._.js:2:1128)
[WebServer]     at responseGenerator (.next/server/chunks/ssr/_1d0189b4._.js:2:2770)
  ✓   75 [firefox] › tests/e2e/acroxtv-editorial.spec.ts:238:9 › Acrox TV direct program routes › keeps a available empty Instagram feed honest (1.5s)
  ✓   78 [firefox] › tests/e2e/acroxtv-editorial.spec.ts:309:7 › Acrox TV direct program routes › leaves explicit static and API routes under their current owners (691ms)
[WebServer] Error: Internal: NoFallbackError
[WebServer]     at n (.next/server/chunks/ssr/_1d0189b4._.js:2:1128)
[WebServer]     at responseGenerator (.next/server/chunks/ssr/_1d0189b4._.js:2:2770)
  ✓   76 [firefox] › tests/e2e/acroxtv-editorial.spec.ts:238:9 › Acrox TV direct program routes › keeps a stale empty Instagram feed honest (1.4s)
  ✓   79 [firefox] › tests/e2e/acroxtv-editorial.spec.ts:318:7 › Acrox TV direct program routes › returns the established not-found page for unknown and reserved paths (907ms)
  ✓   77 [firefox] › tests/e2e/acroxtv-editorial.spec.ts:257:7 › Acrox TV direct program routes › renders an Instagram error distinctly from the primary episode error (1.5s)
  ✓   81 [firefox] › tests/e2e/acroxtv-editorial.spec.ts:363:7 › Acrox TV editorial directory › keeps each canonical program name in the visible editorial hierarchy (915ms)
  ✓   82 [firefox] › tests/e2e/acroxtv-editorial.spec.ts:372:7 › Acrox TV editorial directory › places the home program directory directly on the page background (1.3s)
  ✓   83 [firefox] › tests/e2e/acroxtv-editorial.spec.ts:388:7 › Acrox TV editorial directory › keeps editorial covers in the Tab sequence and activates them with the keyboard (1.6s)
  ✓   80 [firefox] › tests/e2e/acroxtv-editorial.spec.ts:346:7 › Acrox TV editorial directory › renders equally prominent canonical program covers and keeps the approved-only ribbon off program pages (2.3s)
  ✓   84 [firefox] › tests/e2e/acroxtv-editorial.spec.ts:402:7 › Acrox TV editorial directory › keeps reverse Tab navigation between editorial covers (1.5s)
  ✓   85 [firefox] › tests/e2e/acroxtv-editorial.spec.ts:416:7 › Acrox TV editorial directory › shows a visible program fallback when artwork fails to load (1.6s)
  ✓   86 [firefox] › tests/e2e/acroxtv-editorial.spec.ts:434:7 › Acrox TV editorial directory › shows a visible program fallback when artwork failed before hydration (1.1s)
  ✓   87 [firefox] › tests/e2e/acroxtv-editorial.spec.ts:461:7 › Acrox TV editorial directory › keeps loaded artwork visible (952ms)
[WebServer] Error: Internal: NoFallbackError
[WebServer]     at n (.next/server/chunks/ssr/_1d0189b4._.js:2:1128)
[WebServer]     at responseGenerator (.next/server/chunks/ssr/_1d0189b4._.js:2:2770)
  ✓   88 [firefox] › tests/e2e/acroxtv-editorial.spec.ts:469:7 › Acrox TV editorial directory › renders neutral sponsorship cells without inventing brands (1.1s)
  ✓   91 [firefox] › tests/e2e/acroxtv-feed.http.spec.ts:4:7 › program-scoped Acrox TV feed HTTP contract › rejects unknown slugs without reaching a provider (705ms)
  ✓   89 [firefox] › tests/e2e/acroxtv-editorial.spec.ts:479:7 › Acrox TV editorial directory › pauses the sponsorship ribbon for keyboard and reduced-motion visitors (1.3s)
[WebServer] [acroxtv-feed] Instagram fetch failed {
[WebServer]   name: 'Error',
[WebServer]   message: 'Instagram feed misconfigured: missing INSTAGRAM_ACCESS_TOKEN or INSTAGRAM_USER_ID'
[WebServer] }
[WebServer] [acroxtv-feed] Instagram unavailable without snapshot {
[WebServer]   name: 'Error',
[WebServer]   message: 'Instagram feed misconfigured: missing INSTAGRAM_ACCESS_TOKEN or INSTAGRAM_USER_ID'
[WebServer] }
  ✓   90 [firefox] › tests/e2e/acroxtv-editorial.spec.ts:491:7 › Acrox TV editorial directory › keeps legacy media, live, and feed content out of the home directory (1.4s)
[WebServer] [acroxtv-feed] Instagram fetch failed {
[WebServer]   name: 'Error',
[WebServer]   message: 'Instagram feed misconfigured: missing INSTAGRAM_ACCESS_TOKEN or INSTAGRAM_USER_ID'
[WebServer] }
[WebServer] [acroxtv-feed] Instagram unavailable without snapshot {
[WebServer]   name: 'Error',
[WebServer]   message: 'Instagram feed misconfigured: missing INSTAGRAM_ACCESS_TOKEN or INSTAGRAM_USER_ID'
[WebServer] }
[WebServer] [acroxtv-feed] Instagram fetch failed {
[WebServer]   name: 'Error',
[WebServer]   message: 'Instagram feed misconfigured: missing INSTAGRAM_ACCESS_TOKEN or INSTAGRAM_USER_ID'
[WebServer] }
[WebServer] [acroxtv-feed] Instagram unavailable without snapshot {
[WebServer]   name: 'Error',
[WebServer]   message: 'Instagram feed misconfigured: missing INSTAGRAM_ACCESS_TOKEN or INSTAGRAM_USER_ID'
[WebServer] }
[WebServer] [acroxtv-feed] Instagram fetch failed {
[WebServer]   name: 'Error',
[WebServer]   message: 'Instagram feed misconfigured: missing INSTAGRAM_ACCESS_TOKEN or INSTAGRAM_USER_ID'
[WebServer] }
[WebServer] [acroxtv-feed] Instagram unavailable without snapshot {
[WebServer]   name: 'Error',
[WebServer]   message: 'Instagram feed misconfigured: missing INSTAGRAM_ACCESS_TOKEN or INSTAGRAM_USER_ID'
[WebServer] }
[WebServer] [acroxtv-feed] Instagram fetch failed {
[WebServer]   name: 'Error',
[WebServer]   message: 'Instagram feed misconfigured: missing INSTAGRAM_ACCESS_TOKEN or INSTAGRAM_USER_ID'
[WebServer] }
[WebServer] [acroxtv-feed] Instagram unavailable without snapshot {
[WebServer]   name: 'Error',
[WebServer]   message: 'Instagram feed misconfigured: missing INSTAGRAM_ACCESS_TOKEN or INSTAGRAM_USER_ID'
[WebServer] }
  ✓   93 [firefox] › tests/e2e/acroxtv-program-media-preview.spec.ts:90:7 › program media previews › closes the latest preview after outside interaction (1.7s)
  ✓   95 [firefox] › tests/e2e/acroxtv-program-media-preview.spec.ts:108:7 › program media previews › uses keyboard-operable scoped carousels for Más visto and Episodios (1.6s)
  ✓   94 [firefox] › tests/e2e/acroxtv-program-media-preview.spec.ts:101:7 › program media previews › fills the latest preview media container on desktop (1.8s)
  ✓   96 [firefox] › tests/e2e/acroxtv-program-media-preview.spec.ts:120:7 › program media previews › keeps the program feed isolated and preserves unavailable Instagram plus Footer (1.4s)
[WebServer] [acroxtv-feed] Instagram fetch failed {
[WebServer]   name: 'Error',
[WebServer]   message: 'Instagram feed misconfigured: missing INSTAGRAM_ACCESS_TOKEN or INSTAGRAM_USER_ID'
[WebServer] }
[WebServer] [acroxtv-feed] Instagram unavailable without snapshot {
[WebServer]   name: 'Error',
[WebServer]   message: 'Instagram feed misconfigured: missing INSTAGRAM_ACCESS_TOKEN or INSTAGRAM_USER_ID'
[WebServer] }
  ✓   92 [firefox] › tests/e2e/acroxtv-program-media-preview.spec.ts:72:7 › program media previews › opens the scoped latest preview and restores its thumbnail with Escape (2.4s)
[WebServer] [acroxtv-feed] Instagram fetch failed {
[WebServer]   name: 'Error',
[WebServer]   message: 'Instagram feed misconfigured: missing INSTAGRAM_ACCESS_TOKEN or INSTAGRAM_USER_ID'
[WebServer] }
[WebServer] [acroxtv-feed] Instagram unavailable without snapshot {
[WebServer]   name: 'Error',
[WebServer]   message: 'Instagram feed misconfigured: missing INSTAGRAM_ACCESS_TOKEN or INSTAGRAM_USER_ID'
[WebServer] }
[WebServer] [acroxtv-feed] Instagram fetch failed {
[WebServer]   name: 'Error',
[WebServer]   message: 'Instagram feed misconfigured: missing INSTAGRAM_ACCESS_TOKEN or INSTAGRAM_USER_ID'
[WebServer] }
[WebServer] [acroxtv-feed] Instagram unavailable without snapshot {
[WebServer]   name: 'Error',
[WebServer]   message: 'Instagram feed misconfigured: missing INSTAGRAM_ACCESS_TOKEN or INSTAGRAM_USER_ID'
[WebServer] }
[WebServer] [acroxtv-feed] Instagram fetch failed {
[WebServer]   name: 'Error',
[WebServer]   message: 'Instagram feed misconfigured: missing INSTAGRAM_ACCESS_TOKEN or INSTAGRAM_USER_ID'
[WebServer] }
[WebServer] [acroxtv-feed] Instagram unavailable without snapshot {
[WebServer]   name: 'Error',
[WebServer]   message: 'Instagram feed misconfigured: missing INSTAGRAM_ACCESS_TOKEN or INSTAGRAM_USER_ID'
[WebServer] }
[WebServer] [acroxtv-feed] Instagram fetch failed {
[WebServer]   name: 'Error',
[WebServer]   message: 'Instagram feed misconfigured: missing INSTAGRAM_ACCESS_TOKEN or INSTAGRAM_USER_ID'
[WebServer] }
[WebServer] [acroxtv-feed] Instagram unavailable without snapshot {
[WebServer]   name: 'Error',
[WebServer]   message: 'Instagram feed misconfigured: missing INSTAGRAM_ACCESS_TOKEN or INSTAGRAM_USER_ID'
[WebServer] }
  ✓   97 [firefox] › tests/e2e/acroxtv-program-media-preview.spec.ts:137:7 › program media previews › presents a dominant lead preview above three aligned media panels on desktop (1.6s)
  ✓   99 [firefox] › tests/e2e/acroxtv-wp2-program-isolation.spec.ts:20:9 › WP-2 program media isolation › does not render mas-que-nutricion media on /alta-data-te-tire (1.6s)
  ✓   98 [firefox] › tests/e2e/acroxtv-program-media-preview.spec.ts:170:7 › program media previews › stacks the dashboard panels without overflow on mobile (1.7s)
  ✓  100 [firefox] › tests/e2e/acroxtv-wp2-program-isolation.spec.ts:20:9 › WP-2 program media isolation › does not render alta-data-te-tire media on /mas-que-nutricion (1.5s)
[WebServer] [acroxtv-feed] Instagram fetch failed {
[WebServer]   name: 'Error',
[WebServer]   message: 'Instagram feed misconfigured: missing INSTAGRAM_ACCESS_TOKEN or INSTAGRAM_USER_ID'
[WebServer] }
[WebServer] [acroxtv-feed] Instagram unavailable without snapshot {
[WebServer]   name: 'Error',
[WebServer]   message: 'Instagram feed misconfigured: missing INSTAGRAM_ACCESS_TOKEN or INSTAGRAM_USER_ID'
[WebServer] }
  ✓  101 [firefox] › tests/e2e/critical.spec.ts:51:7 › Hero CTAs › Solicitar Propuesta lleva a contacto (1.8s)
[WebServer] [acroxtv-feed] Instagram fetch failed {
[WebServer]   name: 'Error',
[WebServer]   message: 'Instagram feed misconfigured: missing INSTAGRAM_ACCESS_TOKEN or INSTAGRAM_USER_ID'
[WebServer] }
[WebServer] [acroxtv-feed] Instagram unavailable without snapshot {
[WebServer]   name: 'Error',
[WebServer]   message: 'Instagram feed misconfigured: missing INSTAGRAM_ACCESS_TOKEN or INSTAGRAM_USER_ID'
[WebServer] }
  ✓  104 [firefox] › tests/e2e/critical.spec.ts:85:7 › Navbar Desktop › shows the live badge and opens the legacy live stream when the feed is live (794ms)
[WebServer] [acroxtv-feed] Instagram fetch failed {
[WebServer]   name: 'Error',
[WebServer]   message: 'Instagram feed misconfigured: missing INSTAGRAM_ACCESS_TOKEN or INSTAGRAM_USER_ID'
[WebServer] }
[WebServer] [acroxtv-feed] Instagram unavailable without snapshot {
[WebServer]   name: 'Error',
[WebServer]   message: 'Instagram feed misconfigured: missing INSTAGRAM_ACCESS_TOKEN or INSTAGRAM_USER_ID'
[WebServer] }
[WebServer] [acroxtv-feed] Instagram fetch failed {
[WebServer]   name: 'Error',
[WebServer]   message: 'Instagram feed misconfigured: missing INSTAGRAM_ACCESS_TOKEN or INSTAGRAM_USER_ID'
[WebServer] }
[WebServer] [acroxtv-feed] Instagram unavailable without snapshot {
[WebServer]   name: 'Error',
[WebServer]   message: 'Instagram feed misconfigured: missing INSTAGRAM_ACCESS_TOKEN or INSTAGRAM_USER_ID'
[WebServer] }
  ✓  105 [firefox] › tests/e2e/critical.spec.ts:118:7 › Navbar Desktop › keeps the Acrox TV anchors internal when the legacy feed is not live (1.1s)
  ✓  102 [firefox] › tests/e2e/critical.spec.ts:59:7 › Hero CTAs › Ver Nuestros Proyectos navega a /proyectos (1.3s)
[WebServer] [acroxtv-feed] Instagram fetch failed {
[WebServer]   name: 'Error',
[WebServer]   message: 'Instagram feed misconfigured: missing INSTAGRAM_ACCESS_TOKEN or INSTAGRAM_USER_ID'
[WebServer] }
[WebServer] [acroxtv-feed] Instagram unavailable without snapshot {
[WebServer]   name: 'Error',
[WebServer]   message: 'Instagram feed misconfigured: missing INSTAGRAM_ACCESS_TOKEN or INSTAGRAM_USER_ID'
[WebServer] }
  ✓  103 [firefox] › tests/e2e/critical.spec.ts:69:7 › Navbar Desktop › links principales navegan a secciones relevantes (1.5s)
[WebServer] [acroxtv-feed] Instagram fetch failed {
[WebServer]   name: 'Error',
[WebServer]   message: 'Instagram feed misconfigured: missing INSTAGRAM_ACCESS_TOKEN or INSTAGRAM_USER_ID'
[WebServer] }
[WebServer] [acroxtv-feed] Instagram unavailable without snapshot {
[WebServer]   name: 'Error',
[WebServer]   message: 'Instagram feed misconfigured: missing INSTAGRAM_ACCESS_TOKEN or INSTAGRAM_USER_ID'
[WebServer] }
[WebServer] [acroxtv-feed] Instagram fetch failed {
[WebServer]   name: 'Error',
[WebServer]   message: 'Instagram feed misconfigured: missing INSTAGRAM_ACCESS_TOKEN or INSTAGRAM_USER_ID'
[WebServer] }
[WebServer] [acroxtv-feed] Instagram unavailable without snapshot {
[WebServer]   name: 'Error',
[WebServer]   message: 'Instagram feed misconfigured: missing INSTAGRAM_ACCESS_TOKEN or INSTAGRAM_USER_ID'
[WebServer] }
[WebServer] [acroxtv-feed] Instagram fetch failed {
[WebServer]   name: 'Error',
[WebServer]   message: 'Instagram feed misconfigured: missing INSTAGRAM_ACCESS_TOKEN or INSTAGRAM_USER_ID'
[WebServer] }
[WebServer] [acroxtv-feed] Instagram unavailable without snapshot {
[WebServer]   name: 'Error',
[WebServer]   message: 'Instagram feed misconfigured: missing INSTAGRAM_ACCESS_TOKEN or INSTAGRAM_USER_ID'
[WebServer] }
  ✓  106 [firefox] › tests/e2e/critical.spec.ts:145:7 › Form Negative Validations › submit vacio no envia (1.9s)
[WebServer] [acroxtv-feed] Instagram fetch failed {
[WebServer]   name: 'Error',
[WebServer]   message: 'Instagram feed misconfigured: missing INSTAGRAM_ACCESS_TOKEN or INSTAGRAM_USER_ID'
[WebServer] }
[WebServer] [acroxtv-feed] Instagram unavailable without snapshot {
[WebServer]   name: 'Error',
[WebServer]   message: 'Instagram feed misconfigured: missing INSTAGRAM_ACCESS_TOKEN or INSTAGRAM_USER_ID'
[WebServer] }
  ✓  110 [firefox] › tests/e2e/critical.spec.ts:204:9 › Directorio de programas › la portada de Alta Data ¡Te Tire! lleva a su página canónica (1.4s)
[WebServer] [acroxtv-feed] Instagram fetch failed {
[WebServer]   name: 'Error',
[WebServer]   message: 'Instagram feed misconfigured: missing INSTAGRAM_ACCESS_TOKEN or INSTAGRAM_USER_ID'
[WebServer] }
[WebServer] [acroxtv-feed] Instagram unavailable without snapshot {
[WebServer]   name: 'Error',
[WebServer]   message: 'Instagram feed misconfigured: missing INSTAGRAM_ACCESS_TOKEN or INSTAGRAM_USER_ID'
[WebServer] }
  ✓  108 [firefox] › tests/e2e/critical.spec.ts:171:7 › Form Negative Validations › sin servicio no envia (1.9s)
  ✓  107 [firefox] › tests/e2e/critical.spec.ts:159:7 › Form Negative Validations › sin consentimiento no envia (2.3s)
[WebServer] [acroxtv-feed] Instagram fetch failed {
[WebServer]   name: 'Error',
[WebServer]   message: 'Instagram feed misconfigured: missing INSTAGRAM_ACCESS_TOKEN or INSTAGRAM_USER_ID'
[WebServer] }
[WebServer] [acroxtv-feed] Instagram unavailable without snapshot {
[WebServer]   name: 'Error',
[WebServer]   message: 'Instagram feed misconfigured: missing INSTAGRAM_ACCESS_TOKEN or INSTAGRAM_USER_ID'
[WebServer] }
[WebServer] [acroxtv-feed] Instagram fetch failed {
[WebServer]   name: 'Error',
[WebServer]   message: 'Instagram feed misconfigured: missing INSTAGRAM_ACCESS_TOKEN or INSTAGRAM_USER_ID'
[WebServer] }
[WebServer] [acroxtv-feed] Instagram unavailable without snapshot {
[WebServer]   name: 'Error',
[WebServer]   message: 'Instagram feed misconfigured: missing INSTAGRAM_ACCESS_TOKEN or INSTAGRAM_USER_ID'
[WebServer] }
  ✓  109 [firefox] › tests/e2e/critical.spec.ts:185:7 › Popup Fallback › cuando window.open falla aplica fallback y no rompe flujo (2.4s)
  ✓  115 [firefox] › tests/e2e/smoke.spec.ts:27:5 › sitemap includes proyectos (23ms)
  ✓  111 [firefox] › tests/e2e/critical.spec.ts:204:9 › Directorio de programas › la portada de Más que Nutrición lleva a su página canónica (1.2s)
[WebServer] [acroxtv-feed] Instagram fetch failed {
[WebServer]   name: 'Error',
[WebServer]   message: 'Instagram feed misconfigured: missing INSTAGRAM_ACCESS_TOKEN or INSTAGRAM_USER_ID'
[WebServer] }
[WebServer] [acroxtv-feed] Instagram unavailable without snapshot {
[WebServer]   name: 'Error',
[WebServer]   message: 'Instagram feed misconfigured: missing INSTAGRAM_ACCESS_TOKEN or INSTAGRAM_USER_ID'
[WebServer] }
  ✓  112 [firefox] › tests/e2e/smoke.spec.ts:3:5 › home renders key sections (1.1s)
  ✓  114 [firefox] › tests/e2e/smoke.spec.ts:19:5 › terms and privacy pages load (873ms)
  ✓  113 [firefox] › tests/e2e/smoke.spec.ts:13:5 › proyectos page loads (915ms)
[WebServer] [acroxtv-feed] Instagram fetch failed {
[WebServer]   name: 'Error',
[WebServer]   message: 'Instagram feed misconfigured: missing INSTAGRAM_ACCESS_TOKEN or INSTAGRAM_USER_ID'
[WebServer] }
[WebServer] [acroxtv-feed] Instagram unavailable without snapshot {
[WebServer]   name: 'Error',
[WebServer]   message: 'Instagram feed misconfigured: missing INSTAGRAM_ACCESS_TOKEN or INSTAGRAM_USER_ID'
[WebServer] }
  ✓  117 [webkit] › tests/e2e/acroxtv-contracts.spec.ts:29:7 › Acrox TV program registry contract › exposes the two canonical program paths (3ms)
  ✓  118 [webkit] › tests/e2e/acroxtv-contracts.spec.ts:59:7 › Acrox TV program registry contract › does not collide with current static routes or public-root paths (1ms)
  ✓  119 [webkit] › tests/e2e/acroxtv-contracts.spec.ts:63:7 › Acrox TV program registry contract › runs the parallel browser suite against a fresh production server (4ms)
  ✓  120 [webkit] › tests/e2e/acroxtv-contracts.spec.ts:79:7 › Acrox TV program registry contract › pins Turbopack to this absolute project root (1ms)
  ✓  121 [webkit] › tests/e2e/acroxtv-contracts.spec.ts:83:7 › Acrox TV program registry contract › documents the registry, media adapter, and scoped feed HTTP contracts (4ms)
  ✓  122 [webkit] › tests/e2e/acroxtv-contracts.spec.ts:35:7 › Acrox TV program registry contract › discovers every registered program through its direct canonical sitemap URL (2ms)
  ✓  125 [webkit] › tests/e2e/acroxtv-contracts.spec.ts:43:7 › Acrox TV program registry contract › rejects duplicate and reserved slugs (4ms)
  ✓  127 [webkit] › tests/e2e/acroxtv-contracts.spec.ts:48:7 › Acrox TV program registry contract › rejects invalid, static-route, and public-root collisions (9ms)
[WebServer] Error: Internal: NoFallbackError
[WebServer]     at n (.next/server/chunks/ssr/_1d0189b4._.js:2:1128)
[WebServer]     at responseGenerator (.next/server/chunks/ssr/_1d0189b4._.js:2:2770)
  ✓  116 [firefox] › tests/e2e/smoke.spec.ts:34:5 › contact form submits and reaches success state (2.6s)
  ✓  126 [webkit] › tests/e2e/acroxtv-editorial.spec.ts:72:7 › Acrox TV direct program routes › serves the canonical Alta URL and rejects the former direct alias (1.2s)
  ✓  123 [webkit] › tests/e2e/acroxtv-editorial.spec.ts:42:7 › Acrox TV direct program routes › serves registered programs as generated static pages with route metadata (1.6s)
  ✓  128 [webkit] › tests/e2e/acroxtv-editorial.spec.ts:81:7 › Acrox TV direct program routes › keeps direct program media scoped while Navbar uses the legacy feed (1.4s)
  ✓  124 [webkit] › tests/e2e/acroxtv-editorial.spec.ts:56:7 › Acrox TV direct program routes › renders every registered program inside the Acrox shell (1.8s)
  ✓  129 [webkit] › tests/e2e/acroxtv-editorial.spec.ts:157:7 › Acrox TV direct program routes › renders unavailable Instagram distinctly with a latest-episode fallback (884ms)
  ✓  131 [webkit] › tests/e2e/acroxtv-editorial.spec.ts:212:7 › Acrox TV direct program routes › keeps an available zero-item feed honest (908ms)
  ✓  130 [webkit] › tests/e2e/acroxtv-editorial.spec.ts:181:7 › Acrox TV direct program routes › renders stale Instagram items with a stale indication (924ms)
  ✓  132 [webkit] › tests/e2e/acroxtv-editorial.spec.ts:238:9 › Acrox TV direct program routes › keeps a available empty Instagram feed honest (943ms)
[WebServer] Error: Internal: NoFallbackError
[WebServer]     at n (.next/server/chunks/ssr/_1d0189b4._.js:2:1128)
[WebServer]     at responseGenerator (.next/server/chunks/ssr/_1d0189b4._.js:2:2770)
  ✓  135 [webkit] › tests/e2e/acroxtv-editorial.spec.ts:309:7 › Acrox TV direct program routes › leaves explicit static and API routes under their current owners (490ms)
  ✓  133 [webkit] › tests/e2e/acroxtv-editorial.spec.ts:238:9 › Acrox TV direct program routes › keeps a stale empty Instagram feed honest (875ms)
[WebServer] Error: Internal: NoFallbackError
[WebServer]     at n (.next/server/chunks/ssr/_1d0189b4._.js:2:1128)
[WebServer]     at responseGenerator (.next/server/chunks/ssr/_1d0189b4._.js:2:2770)
  ✓  134 [webkit] › tests/e2e/acroxtv-editorial.spec.ts:257:7 › Acrox TV direct program routes › renders an Instagram error distinctly from the primary episode error (921ms)
  ✓  136 [webkit] › tests/e2e/acroxtv-editorial.spec.ts:318:7 › Acrox TV direct program routes › returns the established not-found page for unknown and reserved paths (717ms)
  ✓  138 [webkit] › tests/e2e/acroxtv-editorial.spec.ts:363:7 › Acrox TV editorial directory › keeps each canonical program name in the visible editorial hierarchy (868ms)
  ✓  139 [webkit] › tests/e2e/acroxtv-editorial.spec.ts:372:7 › Acrox TV editorial directory › places the home program directory directly on the page background (1.2s)
  ✓  137 [webkit] › tests/e2e/acroxtv-editorial.spec.ts:346:7 › Acrox TV editorial directory › renders equally prominent canonical program covers and keeps the approved-only ribbon off program pages (1.7s)
  ✓  140 [webkit] › tests/e2e/acroxtv-editorial.spec.ts:388:7 › Acrox TV editorial directory › keeps editorial covers in the Tab sequence and activates them with the keyboard (1.7s)
  ✓  142 [webkit] › tests/e2e/acroxtv-editorial.spec.ts:402:7 › Acrox TV editorial directory › keeps reverse Tab navigation between editorial covers (1.8s)
  ✓  141 [webkit] › tests/e2e/acroxtv-editorial.spec.ts:111:7 › Acrox TV direct program routes › keeps Instagram unavailable without sibling media (1.8s)
  ✓  144 [webkit] › tests/e2e/acroxtv-editorial.spec.ts:434:7 › Acrox TV editorial directory › shows a visible program fallback when artwork failed before hydration (1.1s)
  ✓  143 [webkit] › tests/e2e/acroxtv-editorial.spec.ts:416:7 › Acrox TV editorial directory › shows a visible program fallback when artwork fails to load (1.4s)
  ✓  145 [webkit] › tests/e2e/acroxtv-editorial.spec.ts:461:7 › Acrox TV editorial directory › keeps loaded artwork visible (1.2s)
  ✓  149 [webkit] › tests/e2e/acroxtv-feed.http.spec.ts:4:7 › program-scoped Acrox TV feed HTTP contract › rejects unknown slugs without reaching a provider (604ms)
[WebServer] [acroxtv-feed] Instagram fetch failed {
[WebServer]   name: 'Error',
[WebServer]   message: 'Instagram feed misconfigured: missing INSTAGRAM_ACCESS_TOKEN or INSTAGRAM_USER_ID'
[WebServer] }
[WebServer] [acroxtv-feed] Instagram unavailable without snapshot {
[WebServer]   name: 'Error',
[WebServer]   message: 'Instagram feed misconfigured: missing INSTAGRAM_ACCESS_TOKEN or INSTAGRAM_USER_ID'
[WebServer] }
  ✓  148 [webkit] › tests/e2e/acroxtv-editorial.spec.ts:491:7 › Acrox TV editorial directory › keeps legacy media, live, and feed content out of the home directory (1.0s)
  ✓  146 [webkit] › tests/e2e/acroxtv-editorial.spec.ts:469:7 › Acrox TV editorial directory › renders neutral sponsorship cells without inventing brands (1.1s)
[WebServer] [acroxtv-feed] Instagram fetch failed {
[WebServer]   name: 'Error',
[WebServer]   message: 'Instagram feed misconfigured: missing INSTAGRAM_ACCESS_TOKEN or INSTAGRAM_USER_ID'
[WebServer] }
[WebServer] [acroxtv-feed] Instagram unavailable without snapshot {
[WebServer]   name: 'Error',
[WebServer]   message: 'Instagram feed misconfigured: missing INSTAGRAM_ACCESS_TOKEN or INSTAGRAM_USER_ID'
[WebServer] }
[WebServer] [acroxtv-feed] Instagram fetch failed {
[WebServer]   name: 'Error',
[WebServer]   message: 'Instagram feed misconfigured: missing INSTAGRAM_ACCESS_TOKEN or INSTAGRAM_USER_ID'
[WebServer] }
[WebServer] [acroxtv-feed] Instagram unavailable without snapshot {
[WebServer]   name: 'Error',
[WebServer]   message: 'Instagram feed misconfigured: missing INSTAGRAM_ACCESS_TOKEN or INSTAGRAM_USER_ID'
[WebServer] }
[WebServer] [acroxtv-feed] Instagram fetch failed {
[WebServer]   name: 'Error',
[WebServer]   message: 'Instagram feed misconfigured: missing INSTAGRAM_ACCESS_TOKEN or INSTAGRAM_USER_ID'
[WebServer] }
[WebServer] [acroxtv-feed] Instagram unavailable without snapshot {
[WebServer]   name: 'Error',
[WebServer]   message: 'Instagram feed misconfigured: missing INSTAGRAM_ACCESS_TOKEN or INSTAGRAM_USER_ID'
[WebServer] }
  ✓  147 [webkit] › tests/e2e/acroxtv-editorial.spec.ts:479:7 › Acrox TV editorial directory › pauses the sponsorship ribbon for keyboard and reduced-motion visitors (1.6s)
  ✓  150 [webkit] › tests/e2e/acroxtv-program-media-preview.spec.ts:72:7 › program media previews › opens the scoped latest preview and restores its thumbnail with Escape (1.4s)
[WebServer] [acroxtv-feed] Instagram fetch failed {
[WebServer]   name: 'Error',
[WebServer]   message: 'Instagram feed misconfigured: missing INSTAGRAM_ACCESS_TOKEN or INSTAGRAM_USER_ID'
[WebServer] }
[WebServer] [acroxtv-feed] Instagram unavailable without snapshot {
[WebServer]   name: 'Error',
[WebServer]   message: 'Instagram feed misconfigured: missing INSTAGRAM_ACCESS_TOKEN or INSTAGRAM_USER_ID'
[WebServer] }
  ✓  153 [webkit] › tests/e2e/acroxtv-program-media-preview.spec.ts:108:7 › program media previews › uses keyboard-operable scoped carousels for Más visto and Episodios (1.2s)
  ✓  151 [webkit] › tests/e2e/acroxtv-program-media-preview.spec.ts:90:7 › program media previews › closes the latest preview after outside interaction (1.4s)
  ✓  152 [webkit] › tests/e2e/acroxtv-program-media-preview.spec.ts:101:7 › program media previews › fills the latest preview media container on desktop (1.3s)
[WebServer] [acroxtv-feed] Instagram fetch failed {
[WebServer]   name: 'Error',
[WebServer]   message: 'Instagram feed misconfigured: missing INSTAGRAM_ACCESS_TOKEN or INSTAGRAM_USER_ID'
[WebServer] }
[WebServer] [acroxtv-feed] Instagram unavailable without snapshot {
[WebServer]   name: 'Error',
[WebServer]   message: 'Instagram feed misconfigured: missing INSTAGRAM_ACCESS_TOKEN or INSTAGRAM_USER_ID'
[WebServer] }
[WebServer] [acroxtv-feed] Instagram fetch failed {
[WebServer]   name: 'Error',
[WebServer]   message: 'Instagram feed misconfigured: missing INSTAGRAM_ACCESS_TOKEN or INSTAGRAM_USER_ID'
[WebServer] }
[WebServer] [acroxtv-feed] Instagram unavailable without snapshot {
[WebServer]   name: 'Error',
[WebServer]   message: 'Instagram feed misconfigured: missing INSTAGRAM_ACCESS_TOKEN or INSTAGRAM_USER_ID'
[WebServer] }
[WebServer] [acroxtv-feed] Instagram fetch failed {
[WebServer]   name: 'Error',
[WebServer]   message: 'Instagram feed misconfigured: missing INSTAGRAM_ACCESS_TOKEN or INSTAGRAM_USER_ID'
[WebServer] }
[WebServer] [acroxtv-feed] Instagram unavailable without snapshot {
[WebServer]   name: 'Error',
[WebServer]   message: 'Instagram feed misconfigured: missing INSTAGRAM_ACCESS_TOKEN or INSTAGRAM_USER_ID'
[WebServer] }
  ✓  154 [webkit] › tests/e2e/acroxtv-program-media-preview.spec.ts:120:7 › program media previews › keeps the program feed isolated and preserves unavailable Instagram plus Footer (958ms)
[WebServer] [acroxtv-feed] Instagram fetch failed {
[WebServer]   name: 'Error',
[WebServer]   message: 'Instagram feed misconfigured: missing INSTAGRAM_ACCESS_TOKEN or INSTAGRAM_USER_ID'
[WebServer] }
[WebServer] [acroxtv-feed] Instagram unavailable without snapshot {
[WebServer]   name: 'Error',
[WebServer]   message: 'Instagram feed misconfigured: missing INSTAGRAM_ACCESS_TOKEN or INSTAGRAM_USER_ID'
[WebServer] }
[WebServer] [acroxtv-feed] Instagram fetch failed {
[WebServer]   name: 'Error',
[WebServer]   message: 'Instagram feed misconfigured: missing INSTAGRAM_ACCESS_TOKEN or INSTAGRAM_USER_ID'
[WebServer] }
[WebServer] [acroxtv-feed] Instagram unavailable without snapshot {
[WebServer]   name: 'Error',
[WebServer]   message: 'Instagram feed misconfigured: missing INSTAGRAM_ACCESS_TOKEN or INSTAGRAM_USER_ID'
[WebServer] }
  ✓  155 [webkit] › tests/e2e/acroxtv-program-media-preview.spec.ts:137:7 › program media previews › presents a dominant lead preview above three aligned media panels on desktop (1.1s)
  ✓  156 [webkit] › tests/e2e/acroxtv-program-media-preview.spec.ts:170:7 › program media previews › stacks the dashboard panels without overflow on mobile (969ms)
  ✓  157 [webkit] › tests/e2e/acroxtv-wp2-program-isolation.spec.ts:20:9 › WP-2 program media isolation › does not render mas-que-nutricion media on /alta-data-te-tire (977ms)
  ✓  158 [webkit] › tests/e2e/acroxtv-wp2-program-isolation.spec.ts:20:9 › WP-2 program media isolation › does not render alta-data-te-tire media on /mas-que-nutricion (980ms)
[WebServer] [acroxtv-feed] Instagram fetch failed {
[WebServer]   name: 'Error',
[WebServer]   message: 'Instagram feed misconfigured: missing INSTAGRAM_ACCESS_TOKEN or INSTAGRAM_USER_ID'
[WebServer] }
[WebServer] [acroxtv-feed] Instagram unavailable without snapshot {
[WebServer]   name: 'Error',
[WebServer]   message: 'Instagram feed misconfigured: missing INSTAGRAM_ACCESS_TOKEN or INSTAGRAM_USER_ID'
[WebServer] }
[WebServer] [acroxtv-feed] Instagram fetch failed {
[WebServer]   name: 'Error',
[WebServer]   message: 'Instagram feed misconfigured: missing INSTAGRAM_ACCESS_TOKEN or INSTAGRAM_USER_ID'
[WebServer] }
[WebServer] [acroxtv-feed] Instagram unavailable without snapshot {
[WebServer]   name: 'Error',
[WebServer]   message: 'Instagram feed misconfigured: missing INSTAGRAM_ACCESS_TOKEN or INSTAGRAM_USER_ID'
[WebServer] }
  ✓  162 [webkit] › tests/e2e/critical.spec.ts:85:7 › Navbar Desktop › shows the live badge and opens the legacy live stream when the feed is live (1.6s)
  ✓  159 [webkit] › tests/e2e/critical.spec.ts:51:7 › Hero CTAs › Solicitar Propuesta lleva a contacto (2.3s)
  ✓  163 [webkit] › tests/e2e/critical.spec.ts:118:7 › Navbar Desktop › keeps the Acrox TV anchors internal when the legacy feed is not live (1.6s)
[WebServer] [acroxtv-feed] Instagram fetch failed {
[WebServer]   name: 'Error',
[WebServer]   message: 'Instagram feed misconfigured: missing INSTAGRAM_ACCESS_TOKEN or INSTAGRAM_USER_ID'
[WebServer] }
[WebServer] [acroxtv-feed] Instagram unavailable without snapshot {
[WebServer]   name: 'Error',
[WebServer]   message: 'Instagram feed misconfigured: missing INSTAGRAM_ACCESS_TOKEN or INSTAGRAM_USER_ID'
[WebServer] }
[WebServer] [acroxtv-feed] Instagram fetch failed {
[WebServer]   name: 'Error',
[WebServer]   message: 'Instagram feed misconfigured: missing INSTAGRAM_ACCESS_TOKEN or INSTAGRAM_USER_ID'
[WebServer] }
[WebServer] [acroxtv-feed] Instagram unavailable without snapshot {
[WebServer]   name: 'Error',
[WebServer]   message: 'Instagram feed misconfigured: missing INSTAGRAM_ACCESS_TOKEN or INSTAGRAM_USER_ID'
[WebServer] }
[WebServer] [acroxtv-feed] Instagram fetch failed {
[WebServer]   name: 'Error',
[WebServer]   message: 'Instagram feed misconfigured: missing INSTAGRAM_ACCESS_TOKEN or INSTAGRAM_USER_ID'
[WebServer] }
[WebServer] [acroxtv-feed] Instagram unavailable without snapshot {
[WebServer]   name: 'Error',
[WebServer]   message: 'Instagram feed misconfigured: missing INSTAGRAM_ACCESS_TOKEN or INSTAGRAM_USER_ID'
[WebServer] }
[WebServer] [acroxtv-feed] Instagram fetch failed {
[WebServer]   name: 'Error',
[WebServer]   message: 'Instagram feed misconfigured: missing INSTAGRAM_ACCESS_TOKEN or INSTAGRAM_USER_ID'
[WebServer] }
[WebServer] [acroxtv-feed] Instagram unavailable without snapshot {
[WebServer]   name: 'Error',
[WebServer]   message: 'Instagram feed misconfigured: missing INSTAGRAM_ACCESS_TOKEN or INSTAGRAM_USER_ID'
[WebServer] }
  ✓  161 [webkit] › tests/e2e/critical.spec.ts:69:7 › Navbar Desktop › links principales navegan a secciones relevantes (2.6s)
[WebServer] [acroxtv-feed] Instagram fetch failed {
[WebServer]   name: 'Error',
[WebServer]   message: 'Instagram feed misconfigured: missing INSTAGRAM_ACCESS_TOKEN or INSTAGRAM_USER_ID'
[WebServer] }
[WebServer] [acroxtv-feed] Instagram unavailable without snapshot {
[WebServer]   name: 'Error',
[WebServer]   message: 'Instagram feed misconfigured: missing INSTAGRAM_ACCESS_TOKEN or INSTAGRAM_USER_ID'
[WebServer] }
  ✓  160 [webkit] › tests/e2e/critical.spec.ts:59:7 › Hero CTAs › Ver Nuestros Proyectos navega a /proyectos (3.4s)
[WebServer] [acroxtv-feed] Instagram fetch failed {
[WebServer]   name: 'Error',
[WebServer]   message: 'Instagram feed misconfigured: missing INSTAGRAM_ACCESS_TOKEN or INSTAGRAM_USER_ID'
[WebServer] }
[WebServer] [acroxtv-feed] Instagram unavailable without snapshot {
[WebServer]   name: 'Error',
[WebServer]   message: 'Instagram feed misconfigured: missing INSTAGRAM_ACCESS_TOKEN or INSTAGRAM_USER_ID'
[WebServer] }
  ✓  164 [webkit] › tests/e2e/critical.spec.ts:145:7 › Form Negative Validations › submit vacio no envia (2.8s)
[WebServer] [acroxtv-feed] Instagram fetch failed {
[WebServer]   name: 'Error',
[WebServer]   message: 'Instagram feed misconfigured: missing INSTAGRAM_ACCESS_TOKEN or INSTAGRAM_USER_ID'
[WebServer] }
[WebServer] [acroxtv-feed] Instagram unavailable without snapshot {
[WebServer]   name: 'Error',
[WebServer]   message: 'Instagram feed misconfigured: missing INSTAGRAM_ACCESS_TOKEN or INSTAGRAM_USER_ID'
[WebServer] }
  ✓  165 [webkit] › tests/e2e/critical.spec.ts:171:7 › Form Negative Validations › sin servicio no envia (3.0s)
[WebServer] [acroxtv-feed] Instagram fetch failed {
[WebServer]   name: 'Error',
[WebServer]   message: 'Instagram feed misconfigured: missing INSTAGRAM_ACCESS_TOKEN or INSTAGRAM_USER_ID'
[WebServer] }
[WebServer] [acroxtv-feed] Instagram unavailable without snapshot {
[WebServer]   name: 'Error',
[WebServer]   message: 'Instagram feed misconfigured: missing INSTAGRAM_ACCESS_TOKEN or INSTAGRAM_USER_ID'
[WebServer] }
[WebServer] [acroxtv-feed] Instagram fetch failed {
[WebServer]   name: 'Error',
[WebServer]   message: 'Instagram feed misconfigured: missing INSTAGRAM_ACCESS_TOKEN or INSTAGRAM_USER_ID'
[WebServer] }
[WebServer] [acroxtv-feed] Instagram unavailable without snapshot {
[WebServer]   name: 'Error',
[WebServer]   message: 'Instagram feed misconfigured: missing INSTAGRAM_ACCESS_TOKEN or INSTAGRAM_USER_ID'
[WebServer] }
  ✓  168 [webkit] › tests/e2e/critical.spec.ts:204:9 › Directorio de programas › la portada de Alta Data ¡Te Tire! lleva a su página canónica (2.0s)
[WebServer] [acroxtv-feed] Instagram fetch failed {
[WebServer]   name: 'Error',
[WebServer]   message: 'Instagram feed misconfigured: missing INSTAGRAM_ACCESS_TOKEN or INSTAGRAM_USER_ID'
[WebServer] }
[WebServer] [acroxtv-feed] Instagram unavailable without snapshot {
[WebServer]   name: 'Error',
[WebServer]   message: 'Instagram feed misconfigured: missing INSTAGRAM_ACCESS_TOKEN or INSTAGRAM_USER_ID'
[WebServer] }
  ✓  166 [webkit] › tests/e2e/critical.spec.ts:159:7 › Form Negative Validations › sin consentimiento no envia (3.7s)
[WebServer] [acroxtv-feed] Instagram fetch failed {
[WebServer]   name: 'Error',
[WebServer]   message: 'Instagram feed misconfigured: missing INSTAGRAM_ACCESS_TOKEN or INSTAGRAM_USER_ID'
[WebServer] }
[WebServer] [acroxtv-feed] Instagram unavailable without snapshot {
[WebServer]   name: 'Error',
[WebServer]   message: 'Instagram feed misconfigured: missing INSTAGRAM_ACCESS_TOKEN or INSTAGRAM_USER_ID'
[WebServer] }
  ✓  170 [webkit] › tests/e2e/smoke.spec.ts:3:5 › home renders key sections (1.5s)
  ✓  169 [webkit] › tests/e2e/critical.spec.ts:204:9 › Directorio de programas › la portada de Más que Nutrición lleva a su página canónica (1.7s)
  ✓  173 [webkit] › tests/e2e/smoke.spec.ts:27:5 › sitemap includes proyectos (20ms)
  ✓  172 [webkit] › tests/e2e/smoke.spec.ts:19:5 › terms and privacy pages load (966ms)
  ✓  171 [webkit] › tests/e2e/smoke.spec.ts:13:5 › proyectos page loads (1.1s)
[WebServer] [acroxtv-feed] Instagram fetch failed {
[WebServer]   name: 'Error',
[WebServer]   message: 'Instagram feed misconfigured: missing INSTAGRAM_ACCESS_TOKEN or INSTAGRAM_USER_ID'
[WebServer] }
[WebServer] [acroxtv-feed] Instagram unavailable without snapshot {
[WebServer]   name: 'Error',
[WebServer]   message: 'Instagram feed misconfigured: missing INSTAGRAM_ACCESS_TOKEN or INSTAGRAM_USER_ID'
[WebServer] }
  ✓  167 [webkit] › tests/e2e/critical.spec.ts:185:7 › Popup Fallback › cuando window.open falla aplica fallback y no rompe flujo (4.2s)
[WebServer] [acroxtv-feed] Instagram fetch failed {
[WebServer]   name: 'Error',
[WebServer]   message: 'Instagram feed misconfigured: missing INSTAGRAM_ACCESS_TOKEN or INSTAGRAM_USER_ID'
[WebServer] }
[WebServer] [acroxtv-feed] Instagram unavailable without snapshot {
[WebServer]   name: 'Error',
[WebServer]   message: 'Instagram feed misconfigured: missing INSTAGRAM_ACCESS_TOKEN or INSTAGRAM_USER_ID'
[WebServer] }
  ✓  176 [mobile] › tests/e2e/acroxtv-editorial.spec.ts:498:7 › Acrox TV editorial directory › keeps both covers available and readable on mobile @mobile (1.5s)
  ✓  175 [mobile] › tests/e2e/acroxtv-editorial.spec.ts:280:7 › Acrox TV direct program routes › keeps the direct program media hierarchy readable at 380px @mobile (1.5s)
  ✓  177 [mobile] › tests/e2e/acroxtv-editorial.spec.ts:512:7 › Acrox TV editorial directory › keeps the home program directory panel-free on mobile @mobile (1.5s)
[WebServer] [acroxtv-feed] Instagram fetch failed {
[WebServer]   name: 'Error',
[WebServer]   message: 'Instagram feed misconfigured: missing INSTAGRAM_ACCESS_TOKEN or INSTAGRAM_USER_ID'
[WebServer] }
[WebServer] [acroxtv-feed] Instagram unavailable without snapshot {
[WebServer]   name: 'Error',
[WebServer]   message: 'Instagram feed misconfigured: missing INSTAGRAM_ACCESS_TOKEN or INSTAGRAM_USER_ID'
[WebServer] }
[WebServer] [acroxtv-feed] Instagram fetch failed {
[WebServer]   name: 'Error',
[WebServer]   message: 'Instagram feed misconfigured: missing INSTAGRAM_ACCESS_TOKEN or INSTAGRAM_USER_ID'
[WebServer] }
[WebServer] [acroxtv-feed] Instagram unavailable without snapshot {
[WebServer]   name: 'Error',
[WebServer]   message: 'Instagram feed misconfigured: missing INSTAGRAM_ACCESS_TOKEN or INSTAGRAM_USER_ID'
[WebServer] }
  ✓  174 [webkit] › tests/e2e/smoke.spec.ts:34:5 › contact form submits and reaches success state (3.3s)
  ✓  178 [mobile] › tests/e2e/acroxtv-program-media-preview.spec.ts:128:7 › program media previews › fills the latest preview media container without mobile overflow @mobile (1.5s)
  ✓  180 [mobile] › tests/e2e/critical.spec.ts:243:7 › Mobile Critical @mobile › service select mobile abre sheet, selecciona y cierra @mobile (976ms)
  ✓  179 [mobile] › tests/e2e/critical.spec.ts:229:7 › Mobile Critical @mobile › navbar mobile navega a ACROX TV y Contacto @mobile (1.2s)

  180 passed (59.6s)
