
> acrox-tv-landing@0.1.0 test:e2e
> node scripts/run-e2e.mjs tests/e2e/acroxtv-program-media-preview.spec.ts


Running 22 tests using 5 workers

[2m[WebServer] [22m[acroxtv-feed] Instagram fetch failed {
[2m[WebServer] [22m  name: [32m'Error'[39m,
[2m[WebServer] [22m  message: [32m'Instagram feed misconfigured: missing INSTAGRAM_ACCESS_TOKEN or INSTAGRAM_USER_ID'[39m
[2m[WebServer] [22m}
[2m[WebServer] [22m[acroxtv-feed] Instagram unavailable without snapshot {
[2m[WebServer] [22m  name: [32m'Error'[39m,
[2m[WebServer] [22m  message: [32m'Instagram feed misconfigured: missing INSTAGRAM_ACCESS_TOKEN or INSTAGRAM_USER_ID'[39m
[2m[WebServer] [22m}
[2m[WebServer] [22m[acroxtv-feed] Instagram fetch failed {
[2m[WebServer] [22m  name: [32m'Error'[39m,
[2m[WebServer] [22m  message: [32m'Instagram feed misconfigured: missing INSTAGRAM_ACCESS_TOKEN or INSTAGRAM_USER_ID'[39m
[2m[WebServer] [22m}
[2m[WebServer] [22m[acroxtv-feed] Instagram unavailable without snapshot {
[2m[WebServer] [22m  name: [32m'Error'[39m,
[2m[WebServer] [22m  message: [32m'Instagram feed misconfigured: missing INSTAGRAM_ACCESS_TOKEN or INSTAGRAM_USER_ID'[39m
[2m[WebServer] [22m}
[2m[WebServer] [22m[acroxtv-feed] Instagram fetch failed {
[2m[WebServer] [22m  name: [32m'Error'[39m,
[2m[WebServer] [22m  message: [32m'Instagram feed misconfigured: missing INSTAGRAM_ACCESS_TOKEN or INSTAGRAM_USER_ID'[39m
[2m[WebServer] [22m}
[2m[WebServer] [22m[acroxtv-feed] Instagram unavailable without snapshot {
[2m[WebServer] [22m  name: [32m'Error'[39m,
[2m[WebServer] [22m  message: [32m'Instagram feed misconfigured: missing INSTAGRAM_ACCESS_TOKEN or INSTAGRAM_USER_ID'[39m
[2m[WebServer] [22m}
[2m[WebServer] [22m[acroxtv-feed] Instagram fetch failed {
[2m[WebServer] [22m  name: [32m'Error'[39m,
[2m[WebServer] [22m  message: [32m'Instagram feed misconfigured: missing INSTAGRAM_ACCESS_TOKEN or INSTAGRAM_USER_ID'[39m
[2m[WebServer] [22m}
[2m[WebServer] [22m[acroxtv-feed] Instagram unavailable without snapshot {
[2m[WebServer] [22m  name: [32m'Error'[39m,
[2m[WebServer] [22m  message: [32m'Instagram feed misconfigured: missing INSTAGRAM_ACCESS_TOKEN or INSTAGRAM_USER_ID'[39m
[2m[WebServer] [22m}
[2m[WebServer] [22m[acroxtv-feed] Instagram fetch failed {
[2m[WebServer] [22m  name: [32m'Error'[39m,
[2m[WebServer] [22m  message: [32m'Instagram feed misconfigured: missing INSTAGRAM_ACCESS_TOKEN or INSTAGRAM_USER_ID'[39m
[2m[WebServer] [22m}
[2m[WebServer] [22m[acroxtv-feed] Instagram unavailable without snapshot {
[2m[WebServer] [22m  name: [32m'Error'[39m,
[2m[WebServer] [22m  message: [32m'Instagram feed misconfigured: missing INSTAGRAM_ACCESS_TOKEN or INSTAGRAM_USER_ID'[39m
[2m[WebServer] [22m}
  ✓   4 [chromium] › tests/e2e/acroxtv-program-media-preview.spec.ts:120:7 › program media previews › keeps the program feed isolated and preserves unavailable Instagram plus Footer (1.8s)
  ✓   3 [chromium] › tests/e2e/acroxtv-program-media-preview.spec.ts:108:7 › program media previews › uses keyboard-operable scoped carousels for Más visto and Episodios (2.0s)
  ✓   1 [chromium] › tests/e2e/acroxtv-program-media-preview.spec.ts:101:7 › program media previews › fills the latest preview media container on desktop (2.0s)
[2m[WebServer] [22m[acroxtv-feed] Instagram fetch failed {
[2m[WebServer] [22m  name: [32m'Error'[39m,
[2m[WebServer] [22m  message: [32m'Instagram feed misconfigured: missing INSTAGRAM_ACCESS_TOKEN or INSTAGRAM_USER_ID'[39m
[2m[WebServer] [22m}
[2m[WebServer] [22m[acroxtv-feed] Instagram unavailable without snapshot {
[2m[WebServer] [22m  name: [32m'Error'[39m,
[2m[WebServer] [22m  message: [32m'Instagram feed misconfigured: missing INSTAGRAM_ACCESS_TOKEN or INSTAGRAM_USER_ID'[39m
[2m[WebServer] [22m}
  ✓   5 [chromium] › tests/e2e/acroxtv-program-media-preview.spec.ts:72:7 › program media previews › opens the scoped latest preview and restores its thumbnail with Escape (2.0s)
  ✓   2 [chromium] › tests/e2e/acroxtv-program-media-preview.spec.ts:90:7 › program media previews › closes the latest preview after outside interaction (2.1s)
[2m[WebServer] [22m[acroxtv-feed] Instagram fetch failed {
[2m[WebServer] [22m  name: [32m'Error'[39m,
[2m[WebServer] [22m  message: [32m'Instagram feed misconfigured: missing INSTAGRAM_ACCESS_TOKEN or INSTAGRAM_USER_ID'[39m
[2m[WebServer] [22m}
[2m[WebServer] [22m[acroxtv-feed] Instagram unavailable without snapshot {
[2m[WebServer] [22m  name: [32m'Error'[39m,
[2m[WebServer] [22m  message: [32m'Instagram feed misconfigured: missing INSTAGRAM_ACCESS_TOKEN or INSTAGRAM_USER_ID'[39m
[2m[WebServer] [22m}
  ✓   7 [chromium] › tests/e2e/acroxtv-program-media-preview.spec.ts:170:7 › program media previews › stacks the dashboard panels without overflow on mobile (914ms)
  ✓   6 [chromium] › tests/e2e/acroxtv-program-media-preview.spec.ts:137:7 › program media previews › presents a dominant lead preview above three aligned media panels on desktop (1.1s)
[2m[WebServer] [22m[acroxtv-feed] Instagram fetch failed {
[2m[WebServer] [22m  name: [32m'Error'[39m,
[2m[WebServer] [22m  message: [32m'Instagram feed misconfigured: missing INSTAGRAM_ACCESS_TOKEN or INSTAGRAM_USER_ID'[39m
[2m[WebServer] [22m}
[2m[WebServer] [22m[acroxtv-feed] Instagram unavailable without snapshot {
[2m[WebServer] [22m  name: [32m'Error'[39m,
[2m[WebServer] [22m  message: [32m'Instagram feed misconfigured: missing INSTAGRAM_ACCESS_TOKEN or INSTAGRAM_USER_ID'[39m
[2m[WebServer] [22m}
[2m[WebServer] [22m[acroxtv-feed] Instagram fetch failed {
[2m[WebServer] [22m  name: [32m'Error'[39m,
[2m[WebServer] [22m  message: [32m'Instagram feed misconfigured: missing INSTAGRAM_ACCESS_TOKEN or INSTAGRAM_USER_ID'[39m
[2m[WebServer] [22m}
[2m[WebServer] [22m[acroxtv-feed] Instagram unavailable without snapshot {
[2m[WebServer] [22m  name: [32m'Error'[39m,
[2m[WebServer] [22m  message: [32m'Instagram feed misconfigured: missing INSTAGRAM_ACCESS_TOKEN or INSTAGRAM_USER_ID'[39m
[2m[WebServer] [22m}
[2m[WebServer] [22m[acroxtv-feed] Instagram fetch failed {
[2m[WebServer] [22m  name: [32m'Error'[39m,
[2m[WebServer] [22m  message: [32m'Instagram feed misconfigured: missing INSTAGRAM_ACCESS_TOKEN or INSTAGRAM_USER_ID'[39m
[2m[WebServer] [22m}
[2m[WebServer] [22m[acroxtv-feed] Instagram unavailable without snapshot {
[2m[WebServer] [22m  name: [32m'Error'[39m,
[2m[WebServer] [22m  message: [32m'Instagram feed misconfigured: missing INSTAGRAM_ACCESS_TOKEN or INSTAGRAM_USER_ID'[39m
[2m[WebServer] [22m}
  ✓   8 [firefox] › tests/e2e/acroxtv-program-media-preview.spec.ts:72:7 › program media previews › opens the scoped latest preview and restores its thumbnail with Escape (2.1s)
  ✓   9 [firefox] › tests/e2e/acroxtv-program-media-preview.spec.ts:90:7 › program media previews › closes the latest preview after outside interaction (2.1s)
[2m[WebServer] [22m[acroxtv-feed] Instagram fetch failed {
[2m[WebServer] [22m  name: [32m'Error'[39m,
[2m[WebServer] [22m  message: [32m'Instagram feed misconfigured: missing INSTAGRAM_ACCESS_TOKEN or INSTAGRAM_USER_ID'[39m
[2m[WebServer] [22m}
[2m[WebServer] [22m[acroxtv-feed] Instagram unavailable without snapshot {
[2m[WebServer] [22m  name: [32m'Error'[39m,
[2m[WebServer] [22m  message: [32m'Instagram feed misconfigured: missing INSTAGRAM_ACCESS_TOKEN or INSTAGRAM_USER_ID'[39m
[2m[WebServer] [22m}
  ✓  10 [firefox] › tests/e2e/acroxtv-program-media-preview.spec.ts:101:7 › program media previews › fills the latest preview media container on desktop (2.1s)
[2m[WebServer] [22m[acroxtv-feed] Instagram fetch failed {
[2m[WebServer] [22m  name: [32m'Error'[39m,
[2m[WebServer] [22m  message: [32m'Instagram feed misconfigured: missing INSTAGRAM_ACCESS_TOKEN or INSTAGRAM_USER_ID'[39m
[2m[WebServer] [22m}
[2m[WebServer] [22m[acroxtv-feed] Instagram unavailable without snapshot {
[2m[WebServer] [22m  name: [32m'Error'[39m,
[2m[WebServer] [22m  message: [32m'Instagram feed misconfigured: missing INSTAGRAM_ACCESS_TOKEN or INSTAGRAM_USER_ID'[39m
[2m[WebServer] [22m}
[2m[WebServer] [22m[acroxtv-feed] Instagram fetch failed {
[2m[WebServer] [22m  name: [32m'Error'[39m,
[2m[WebServer] [22m  message: [32m'Instagram feed misconfigured: missing INSTAGRAM_ACCESS_TOKEN or INSTAGRAM_USER_ID'[39m
[2m[WebServer] [22m}
[2m[WebServer] [22m[acroxtv-feed] Instagram unavailable without snapshot {
[2m[WebServer] [22m  name: [32m'Error'[39m,
[2m[WebServer] [22m  message: [32m'Instagram feed misconfigured: missing INSTAGRAM_ACCESS_TOKEN or INSTAGRAM_USER_ID'[39m
[2m[WebServer] [22m}
[2m[WebServer] [22m[acroxtv-feed] Instagram fetch failed {
[2m[WebServer] [22m  name: [32m'Error'[39m,
[2m[WebServer] [22m  message: [32m'Instagram feed misconfigured: missing INSTAGRAM_ACCESS_TOKEN or INSTAGRAM_USER_ID'[39m
[2m[WebServer] [22m}
[2m[WebServer] [22m[acroxtv-feed] Instagram unavailable without snapshot {
[2m[WebServer] [22m  name: [32m'Error'[39m,
[2m[WebServer] [22m  message: [32m'Instagram feed misconfigured: missing INSTAGRAM_ACCESS_TOKEN or INSTAGRAM_USER_ID'[39m
[2m[WebServer] [22m}
  ✓  13 [firefox] › tests/e2e/acroxtv-program-media-preview.spec.ts:137:7 › program media previews › presents a dominant lead preview above three aligned media panels on desktop (1.4s)
  ✓  12 [firefox] › tests/e2e/acroxtv-program-media-preview.spec.ts:120:7 › program media previews › keeps the program feed isolated and preserves unavailable Instagram plus Footer (2.7s)
  ✓  14 [firefox] › tests/e2e/acroxtv-program-media-preview.spec.ts:170:7 › program media previews › stacks the dashboard panels without overflow on mobile (1.5s)
  ✓  11 [firefox] › tests/e2e/acroxtv-program-media-preview.spec.ts:108:7 › program media previews › uses keyboard-operable scoped carousels for Más visto and Episodios (2.6s)
[2m[WebServer] [22m[acroxtv-feed] Instagram fetch failed {
[2m[WebServer] [22m  name: [32m'Error'[39m,
[2m[WebServer] [22m  message: [32m'Instagram feed misconfigured: missing INSTAGRAM_ACCESS_TOKEN or INSTAGRAM_USER_ID'[39m
[2m[WebServer] [22m}
[2m[WebServer] [22m[acroxtv-feed] Instagram unavailable without snapshot {
[2m[WebServer] [22m  name: [32m'Error'[39m,
[2m[WebServer] [22m  message: [32m'Instagram feed misconfigured: missing INSTAGRAM_ACCESS_TOKEN or INSTAGRAM_USER_ID'[39m
[2m[WebServer] [22m}
[2m[WebServer] [22m[acroxtv-feed] Instagram fetch failed {
[2m[WebServer] [22m  name: [32m'Error'[39m,
[2m[WebServer] [22m  message: [32m'Instagram feed misconfigured: missing INSTAGRAM_ACCESS_TOKEN or INSTAGRAM_USER_ID'[39m
[2m[WebServer] [22m}
[2m[WebServer] [22m[acroxtv-feed] Instagram unavailable without snapshot {
[2m[WebServer] [22m  name: [32m'Error'[39m,
[2m[WebServer] [22m  message: [32m'Instagram feed misconfigured: missing INSTAGRAM_ACCESS_TOKEN or INSTAGRAM_USER_ID'[39m
[2m[WebServer] [22m}
  ✓  15 [webkit] › tests/e2e/acroxtv-program-media-preview.spec.ts:72:7 › program media previews › opens the scoped latest preview and restores its thumbnail with Escape (1.1s)
[2m[WebServer] [22m[acroxtv-feed] Instagram fetch failed {
[2m[WebServer] [22m  name: [32m'Error'[39m,
[2m[WebServer] [22m  message: [32m'Instagram feed misconfigured: missing INSTAGRAM_ACCESS_TOKEN or INSTAGRAM_USER_ID'[39m
[2m[WebServer] [22m}
[2m[WebServer] [22m[acroxtv-feed] Instagram unavailable without snapshot {
[2m[WebServer] [22m  name: [32m'Error'[39m,
[2m[WebServer] [22m  message: [32m'Instagram feed misconfigured: missing INSTAGRAM_ACCESS_TOKEN or INSTAGRAM_USER_ID'[39m
[2m[WebServer] [22m}
[2m[WebServer] [22m[acroxtv-feed] Instagram fetch failed {
[2m[WebServer] [22m  name: [32m'Error'[39m,
[2m[WebServer] [22m  message: [32m'Instagram feed misconfigured: missing INSTAGRAM_ACCESS_TOKEN or INSTAGRAM_USER_ID'[39m
[2m[WebServer] [22m}
[2m[WebServer] [22m[acroxtv-feed] Instagram unavailable without snapshot {
[2m[WebServer] [22m  name: [32m'Error'[39m,
[2m[WebServer] [22m  message: [32m'Instagram feed misconfigured: missing INSTAGRAM_ACCESS_TOKEN or INSTAGRAM_USER_ID'[39m
[2m[WebServer] [22m}
[2m[WebServer] [22m[acroxtv-feed] Instagram fetch failed {
[2m[WebServer] [22m  name: [32m'Error'[39m,
[2m[WebServer] [22m  message: [32m'Instagram feed misconfigured: missing INSTAGRAM_ACCESS_TOKEN or INSTAGRAM_USER_ID'[39m
[2m[WebServer] [22m}
[2m[WebServer] [22m[acroxtv-feed] Instagram unavailable without snapshot {
[2m[WebServer] [22m  name: [32m'Error'[39m,
[2m[WebServer] [22m  message: [32m'Instagram feed misconfigured: missing INSTAGRAM_ACCESS_TOKEN or INSTAGRAM_USER_ID'[39m
[2m[WebServer] [22m}
  ✓  16 [webkit] › tests/e2e/acroxtv-program-media-preview.spec.ts:90:7 › program media previews › closes the latest preview after outside interaction (1.2s)
[2m[WebServer] [22m[acroxtv-feed] Instagram fetch failed {
[2m[WebServer] [22m  name: [32m'Error'[39m,
[2m[WebServer] [22m  message: [32m'Instagram feed misconfigured: missing INSTAGRAM_ACCESS_TOKEN or INSTAGRAM_USER_ID'[39m
[2m[WebServer] [22m}
[2m[WebServer] [22m[acroxtv-feed] Instagram unavailable without snapshot {
[2m[WebServer] [22m  name: [32m'Error'[39m,
[2m[WebServer] [22m  message: [32m'Instagram feed misconfigured: missing INSTAGRAM_ACCESS_TOKEN or INSTAGRAM_USER_ID'[39m
[2m[WebServer] [22m}
  ✓  19 [webkit] › tests/e2e/acroxtv-program-media-preview.spec.ts:137:7 › program media previews › presents a dominant lead preview above three aligned media panels on desktop (1.3s)
  ✓  17 [webkit] › tests/e2e/acroxtv-program-media-preview.spec.ts:101:7 › program media previews › fills the latest preview media container on desktop (1.3s)
  ✓  18 [webkit] › tests/e2e/acroxtv-program-media-preview.spec.ts:108:7 › program media previews › uses keyboard-operable scoped carousels for Más visto and Episodios (1.2s)
[2m[WebServer] [22m[acroxtv-feed] Instagram fetch failed {
[2m[WebServer] [22m  name: [32m'Error'[39m,
[2m[WebServer] [22m  message: [32m'Instagram feed misconfigured: missing INSTAGRAM_ACCESS_TOKEN or INSTAGRAM_USER_ID'[39m
[2m[WebServer] [22m}
[2m[WebServer] [22m[acroxtv-feed] Instagram unavailable without snapshot {
[2m[WebServer] [22m  name: [32m'Error'[39m,
[2m[WebServer] [22m  message: [32m'Instagram feed misconfigured: missing INSTAGRAM_ACCESS_TOKEN or INSTAGRAM_USER_ID'[39m
[2m[WebServer] [22m}
  ✓  21 [webkit] › tests/e2e/acroxtv-program-media-preview.spec.ts:170:7 › program media previews › stacks the dashboard panels without overflow on mobile (883ms)
  ✓  20 [webkit] › tests/e2e/acroxtv-program-media-preview.spec.ts:120:7 › program media previews › keeps the program feed isolated and preserves unavailable Instagram plus Footer (898ms)
[2m[WebServer] [22m[acroxtv-feed] Instagram fetch failed {
[2m[WebServer] [22m  name: [32m'Error'[39m,
[2m[WebServer] [22m  message: [32m'Instagram feed misconfigured: missing INSTAGRAM_ACCESS_TOKEN or INSTAGRAM_USER_ID'[39m
[2m[WebServer] [22m}
[2m[WebServer] [22m[acroxtv-feed] Instagram unavailable without snapshot {
[2m[WebServer] [22m  name: [32m'Error'[39m,
[2m[WebServer] [22m  message: [32m'Instagram feed misconfigured: missing INSTAGRAM_ACCESS_TOKEN or INSTAGRAM_USER_ID'[39m
[2m[WebServer] [22m}
  ✓  22 [mobile] › tests/e2e/acroxtv-program-media-preview.spec.ts:128:7 › program media previews › fills the latest preview media container without mobile overflow @mobile (600ms)

  22 passed (16.4s)
