
> acrox-tv-landing@0.1.0 test:e2e
> node scripts/run-e2e.mjs tests/e2e/acroxtv-program-media-preview.spec.ts


Running 22 tests using 5 workers

[2m[WebServer] [22m[acroxtv-feed] Instagram fetch failed {
[2m[WebServer] [22m  name: [32m'Error'[39m,
[2m[WebServer] [22m  message: [32m'Instagram feed misconfigured: missing INSTAGRAM_ACCESS_TOKEN or INSTAGRAM_USER_ID'[39m
[2m[WebServer] [22m}
[2m[WebServer] [22m[acroxtv-feed] Instagram unavailable without snapshot {
[2m[WebServer] [22m  name: [32m'Error'[39m,
[2m[WebServer] [22m  message: [32m'Instagram feed misconfigured: missing INSTAGRAM_ACCESS_TOKEN or INSTAGRAM_USER_ID'[39m
[2m[WebServer] [22m}
[2m[WebServer] [22m[acroxtv-feed] Instagram fetch failed {
[2m[WebServer] [22m  name: [32m'Error'[39m,
[2m[WebServer] [22m  message: [32m'Instagram feed misconfigured: missing INSTAGRAM_ACCESS_TOKEN or INSTAGRAM_USER_ID'[39m
[2m[WebServer] [22m}
[2m[WebServer] [22m[acroxtv-feed] Instagram unavailable without snapshot {
[2m[WebServer] [22m  name: [32m'Error'[39m,
[2m[WebServer] [22m  message: [32m'Instagram feed misconfigured: missing INSTAGRAM_ACCESS_TOKEN or INSTAGRAM_USER_ID'[39m
[2m[WebServer] [22m}
[2m[WebServer] [22m[acroxtv-feed] Instagram fetch failed {
[2m[WebServer] [22m  name: [32m'Error'[39m,
[2m[WebServer] [22m  message: [32m'Instagram feed misconfigured: missing INSTAGRAM_ACCESS_TOKEN or INSTAGRAM_USER_ID'[39m
[2m[WebServer] [22m}
[2m[WebServer] [22m[acroxtv-feed] Instagram unavailable without snapshot {
[2m[WebServer] [22m  name: [32m'Error'[39m,
[2m[WebServer] [22m  message: [32m'Instagram feed misconfigured: missing INSTAGRAM_ACCESS_TOKEN or INSTAGRAM_USER_ID'[39m
[2m[WebServer] [22m}
[2m[WebServer] [22m[acroxtv-feed] Instagram fetch failed {
[2m[WebServer] [22m  name: [32m'Error'[39m,
[2m[WebServer] [22m  message: [32m'Instagram feed misconfigured: missing INSTAGRAM_ACCESS_TOKEN or INSTAGRAM_USER_ID'[39m
[2m[WebServer] [22m}
[2m[WebServer] [22m[acroxtv-feed] Instagram unavailable without snapshot {
[2m[WebServer] [22m  name: [32m'Error'[39m,
[2m[WebServer] [22m  message: [32m'Instagram feed misconfigured: missing INSTAGRAM_ACCESS_TOKEN or INSTAGRAM_USER_ID'[39m
[2m[WebServer] [22m}
[2m[WebServer] [22m[acroxtv-feed] Instagram fetch failed {
[2m[WebServer] [22m  name: [32m'Error'[39m,
[2m[WebServer] [22m  message: [32m'Instagram feed misconfigured: missing INSTAGRAM_ACCESS_TOKEN or INSTAGRAM_USER_ID'[39m
[2m[WebServer] [22m}
[2m[WebServer] [22m[acroxtv-feed] Instagram unavailable without snapshot {
[2m[WebServer] [22m  name: [32m'Error'[39m,
[2m[WebServer] [22m  message: [32m'Instagram feed misconfigured: missing INSTAGRAM_ACCESS_TOKEN or INSTAGRAM_USER_ID'[39m
[2m[WebServer] [22m}
  ✓   5 [chromium] › tests/e2e/acroxtv-program-media-preview.spec.ts:120:7 › program media previews › keeps the program feed isolated and preserves unavailable Instagram plus Footer (3.5s)
  ✓   2 [chromium] › tests/e2e/acroxtv-program-media-preview.spec.ts:101:7 › program media previews › fills the latest preview media container on desktop (3.5s)
  ✓   4 [chromium] › tests/e2e/acroxtv-program-media-preview.spec.ts:90:7 › program media previews › closes the latest preview after outside interaction (3.6s)
[2m[WebServer] [22m[acroxtv-feed] Instagram fetch failed {
[2m[WebServer] [22m  name: [32m'Error'[39m,
[2m[WebServer] [22m  message: [32m'Instagram feed misconfigured: missing INSTAGRAM_ACCESS_TOKEN or INSTAGRAM_USER_ID'[39m
[2m[WebServer] [22m}
[2m[WebServer] [22m[acroxtv-feed] Instagram unavailable without snapshot {
[2m[WebServer] [22m  name: [32m'Error'[39m,
[2m[WebServer] [22m  message: [32m'Instagram feed misconfigured: missing INSTAGRAM_ACCESS_TOKEN or INSTAGRAM_USER_ID'[39m
[2m[WebServer] [22m}
  ✓   3 [chromium] › tests/e2e/acroxtv-program-media-preview.spec.ts:72:7 › program media previews › opens the scoped latest preview and restores its thumbnail with Escape (3.6s)
[2m[WebServer] [22m[acroxtv-feed] Instagram fetch failed {
[2m[WebServer] [22m  name: [32m'Error'[39m,
[2m[WebServer] [22m  message: [32m'Instagram feed misconfigured: missing INSTAGRAM_ACCESS_TOKEN or INSTAGRAM_USER_ID'[39m
[2m[WebServer] [22m}
[2m[WebServer] [22m[acroxtv-feed] Instagram unavailable without snapshot {
[2m[WebServer] [22m  name: [32m'Error'[39m,
[2m[WebServer] [22m  message: [32m'Instagram feed misconfigured: missing INSTAGRAM_ACCESS_TOKEN or INSTAGRAM_USER_ID'[39m
[2m[WebServer] [22m}
  ✓   1 [chromium] › tests/e2e/acroxtv-program-media-preview.spec.ts:108:7 › program media previews › uses keyboard-operable scoped carousels for Más visto and Episodios (3.8s)
[2m[WebServer] [22m[acroxtv-feed] Instagram fetch failed {
[2m[WebServer] [22m  name: [32m'Error'[39m,
[2m[WebServer] [22m  message: [32m'Instagram feed misconfigured: missing INSTAGRAM_ACCESS_TOKEN or INSTAGRAM_USER_ID'[39m
[2m[WebServer] [22m}
[2m[WebServer] [22m[acroxtv-feed] Instagram unavailable without snapshot {
[2m[WebServer] [22m  name: [32m'Error'[39m,
[2m[WebServer] [22m  message: [32m'Instagram feed misconfigured: missing INSTAGRAM_ACCESS_TOKEN or INSTAGRAM_USER_ID'[39m
[2m[WebServer] [22m}
[2m[WebServer] [22m[acroxtv-feed] Instagram fetch failed {
[2m[WebServer] [22m  name: [32m'Error'[39m,
[2m[WebServer] [22m  message: [32m'Instagram feed misconfigured: missing INSTAGRAM_ACCESS_TOKEN or INSTAGRAM_USER_ID'[39m
[2m[WebServer] [22m}
[2m[WebServer] [22m[acroxtv-feed] Instagram unavailable without snapshot {
[2m[WebServer] [22m  name: [32m'Error'[39m,
[2m[WebServer] [22m  message: [32m'Instagram feed misconfigured: missing INSTAGRAM_ACCESS_TOKEN or INSTAGRAM_USER_ID'[39m
[2m[WebServer] [22m}
  ✓  10 [firefox] › tests/e2e/acroxtv-program-media-preview.spec.ts:101:7 › program media previews › fills the latest preview media container on desktop (2.4s)
[2m[WebServer] [22m[acroxtv-feed] Instagram fetch failed {
[2m[WebServer] [22m  name: [32m'Error'[39m,
[2m[WebServer] [22m  message: [32m'Instagram feed misconfigured: missing INSTAGRAM_ACCESS_TOKEN or INSTAGRAM_USER_ID'[39m
[2m[WebServer] [22m}
[2m[WebServer] [22m[acroxtv-feed] Instagram unavailable without snapshot {
[2m[WebServer] [22m  name: [32m'Error'[39m,
[2m[WebServer] [22m  message: [32m'Instagram feed misconfigured: missing INSTAGRAM_ACCESS_TOKEN or INSTAGRAM_USER_ID'[39m
[2m[WebServer] [22m}
[2m[WebServer] [22m[acroxtv-feed] Instagram fetch failed {
[2m[WebServer] [22m  name: [32m'Error'[39m,
[2m[WebServer] [22m  message: [32m'Instagram feed misconfigured: missing INSTAGRAM_ACCESS_TOKEN or INSTAGRAM_USER_ID'[39m
[2m[WebServer] [22m}
[2m[WebServer] [22m[acroxtv-feed] Instagram unavailable without snapshot {
[2m[WebServer] [22m  name: [32m'Error'[39m,
[2m[WebServer] [22m  message: [32m'Instagram feed misconfigured: missing INSTAGRAM_ACCESS_TOKEN or INSTAGRAM_USER_ID'[39m
[2m[WebServer] [22m}
  ✓   8 [firefox] › tests/e2e/acroxtv-program-media-preview.spec.ts:72:7 › program media previews › opens the scoped latest preview and restores its thumbnail with Escape (2.7s)
[2m[WebServer] [22m[acroxtv-feed] Instagram fetch failed {
[2m[WebServer] [22m  name: [32m'Error'[39m,
[2m[WebServer] [22m  message: [32m'Instagram feed misconfigured: missing INSTAGRAM_ACCESS_TOKEN or INSTAGRAM_USER_ID'[39m
[2m[WebServer] [22m}
[2m[WebServer] [22m[acroxtv-feed] Instagram unavailable without snapshot {
[2m[WebServer] [22m  name: [32m'Error'[39m,
[2m[WebServer] [22m  message: [32m'Instagram feed misconfigured: missing INSTAGRAM_ACCESS_TOKEN or INSTAGRAM_USER_ID'[39m
[2m[WebServer] [22m}
  ✓   9 [firefox] › tests/e2e/acroxtv-program-media-preview.spec.ts:90:7 › program media previews › closes the latest preview after outside interaction (2.8s)
  ✓  11 [firefox] › tests/e2e/acroxtv-program-media-preview.spec.ts:108:7 › program media previews › uses keyboard-operable scoped carousels for Más visto and Episodios (1.6s)
  ✘   7 [chromium] › tests/e2e/acroxtv-program-media-preview.spec.ts:147:7 › program media previews › stacks the dashboard panels without overflow on mobile (6.0s)
  ✘   6 [chromium] › tests/e2e/acroxtv-program-media-preview.spec.ts:137:7 › program media previews › presents a dominant lead preview above three aligned media panels on desktop (6.1s)
[2m[WebServer] [22m[acroxtv-feed] Instagram fetch failed {
[2m[WebServer] [22m  name: [32m'Error'[39m,
[2m[WebServer] [22m  message: [32m'Instagram feed misconfigured: missing INSTAGRAM_ACCESS_TOKEN or INSTAGRAM_USER_ID'[39m
[2m[WebServer] [22m}
[2m[WebServer] [22m[acroxtv-feed] Instagram unavailable without snapshot {
[2m[WebServer] [22m  name: [32m'Error'[39m,
[2m[WebServer] [22m  message: [32m'Instagram feed misconfigured: missing INSTAGRAM_ACCESS_TOKEN or INSTAGRAM_USER_ID'[39m
[2m[WebServer] [22m}
  ✓  12 [firefox] › tests/e2e/acroxtv-program-media-preview.spec.ts:120:7 › program media previews › keeps the program feed isolated and preserves unavailable Instagram plus Footer (1.4s)
[2m[WebServer] [22m[acroxtv-feed] Instagram fetch failed {
[2m[WebServer] [22m  name: [32m'Error'[39m,
[2m[WebServer] [22m  message: [32m'Instagram feed misconfigured: missing INSTAGRAM_ACCESS_TOKEN or INSTAGRAM_USER_ID'[39m
[2m[WebServer] [22m}
[2m[WebServer] [22m[acroxtv-feed] Instagram unavailable without snapshot {
[2m[WebServer] [22m  name: [32m'Error'[39m,
[2m[WebServer] [22m  message: [32m'Instagram feed misconfigured: missing INSTAGRAM_ACCESS_TOKEN or INSTAGRAM_USER_ID'[39m
[2m[WebServer] [22m}
[2m[WebServer] [22m[acroxtv-feed] Instagram fetch failed {
[2m[WebServer] [22m  name: [32m'Error'[39m,
[2m[WebServer] [22m  message: [32m'Instagram feed misconfigured: missing INSTAGRAM_ACCESS_TOKEN or INSTAGRAM_USER_ID'[39m
[2m[WebServer] [22m}
[2m[WebServer] [22m[acroxtv-feed] Instagram unavailable without snapshot {
[2m[WebServer] [22m  name: [32m'Error'[39m,
[2m[WebServer] [22m  message: [32m'Instagram feed misconfigured: missing INSTAGRAM_ACCESS_TOKEN or INSTAGRAM_USER_ID'[39m
[2m[WebServer] [22m}
[2m[WebServer] [22m[acroxtv-feed] Instagram fetch failed {
[2m[WebServer] [22m  name: [32m'Error'[39m,
[2m[WebServer] [22m  message: [32m'Instagram feed misconfigured: missing INSTAGRAM_ACCESS_TOKEN or INSTAGRAM_USER_ID'[39m
[2m[WebServer] [22m}
[2m[WebServer] [22m[acroxtv-feed] Instagram unavailable without snapshot {
[2m[WebServer] [22m  name: [32m'Error'[39m,
[2m[WebServer] [22m  message: [32m'Instagram feed misconfigured: missing INSTAGRAM_ACCESS_TOKEN or INSTAGRAM_USER_ID'[39m
[2m[WebServer] [22m}
[2m[WebServer] [22m[acroxtv-feed] Instagram fetch failed {
[2m[WebServer] [22m  name: [32m'Error'[39m,
[2m[WebServer] [22m  message: [32m'Instagram feed misconfigured: missing INSTAGRAM_ACCESS_TOKEN or INSTAGRAM_USER_ID'[39m
[2m[WebServer] [22m}
[2m[WebServer] [22m[acroxtv-feed] Instagram unavailable without snapshot {
[2m[WebServer] [22m  name: [32m'Error'[39m,
[2m[WebServer] [22m  message: [32m'Instagram feed misconfigured: missing INSTAGRAM_ACCESS_TOKEN or INSTAGRAM_USER_ID'[39m
[2m[WebServer] [22m}
  ✓  16 [webkit] › tests/e2e/acroxtv-program-media-preview.spec.ts:90:7 › program media previews › closes the latest preview after outside interaction (1.4s)
  ✓  15 [webkit] › tests/e2e/acroxtv-program-media-preview.spec.ts:72:7 › program media previews › opens the scoped latest preview and restores its thumbnail with Escape (1.4s)
[2m[WebServer] [22m[acroxtv-feed] Instagram fetch failed {
[2m[WebServer] [22m  name: [32m'Error'[39m,
[2m[WebServer] [22m  message: [32m'Instagram feed misconfigured: missing INSTAGRAM_ACCESS_TOKEN or INSTAGRAM_USER_ID'[39m
[2m[WebServer] [22m}
[2m[WebServer] [22m[acroxtv-feed] Instagram unavailable without snapshot {
[2m[WebServer] [22m  name: [32m'Error'[39m,
[2m[WebServer] [22m  message: [32m'Instagram feed misconfigured: missing INSTAGRAM_ACCESS_TOKEN or INSTAGRAM_USER_ID'[39m
[2m[WebServer] [22m}
[2m[WebServer] [22m[acroxtv-feed] Instagram fetch failed {
[2m[WebServer] [22m  name: [32m'Error'[39m,
[2m[WebServer] [22m  message: [32m'Instagram feed misconfigured: missing INSTAGRAM_ACCESS_TOKEN or INSTAGRAM_USER_ID'[39m
[2m[WebServer] [22m}
[2m[WebServer] [22m[acroxtv-feed] Instagram unavailable without snapshot {
[2m[WebServer] [22m  name: [32m'Error'[39m,
[2m[WebServer] [22m  message: [32m'Instagram feed misconfigured: missing INSTAGRAM_ACCESS_TOKEN or INSTAGRAM_USER_ID'[39m
[2m[WebServer] [22m}
  ✓  17 [webkit] › tests/e2e/acroxtv-program-media-preview.spec.ts:101:7 › program media previews › fills the latest preview media container on desktop (1.1s)
[2m[WebServer] [22m[acroxtv-feed] Instagram fetch failed {
[2m[WebServer] [22m  name: [32m'Error'[39m,
[2m[WebServer] [22m  message: [32m'Instagram feed misconfigured: missing INSTAGRAM_ACCESS_TOKEN or INSTAGRAM_USER_ID'[39m
[2m[WebServer] [22m}
[2m[WebServer] [22m[acroxtv-feed] Instagram unavailable without snapshot {
[2m[WebServer] [22m  name: [32m'Error'[39m,
[2m[WebServer] [22m  message: [32m'Instagram feed misconfigured: missing INSTAGRAM_ACCESS_TOKEN or INSTAGRAM_USER_ID'[39m
[2m[WebServer] [22m}
  ✓  18 [webkit] › tests/e2e/acroxtv-program-media-preview.spec.ts:108:7 › program media previews › uses keyboard-operable scoped carousels for Más visto and Episodios (787ms)
  ✓  19 [webkit] › tests/e2e/acroxtv-program-media-preview.spec.ts:120:7 › program media previews › keeps the program feed isolated and preserves unavailable Instagram plus Footer (841ms)
[2m[WebServer] [22m[acroxtv-feed] Instagram fetch failed {
[2m[WebServer] [22m  name: [32m'Error'[39m,
[2m[WebServer] [22m  message: [32m'Instagram feed misconfigured: missing INSTAGRAM_ACCESS_TOKEN or INSTAGRAM_USER_ID'[39m
[2m[WebServer] [22m}
[2m[WebServer] [22m[acroxtv-feed] Instagram unavailable without snapshot {
[2m[WebServer] [22m  name: [32m'Error'[39m,
[2m[WebServer] [22m  message: [32m'Instagram feed misconfigured: missing INSTAGRAM_ACCESS_TOKEN or INSTAGRAM_USER_ID'[39m
[2m[WebServer] [22m}
[2m[WebServer] [22m[acroxtv-feed] Instagram fetch failed {
[2m[WebServer] [22m  name: [32m'Error'[39m,
[2m[WebServer] [22m  message: [32m'Instagram feed misconfigured: missing INSTAGRAM_ACCESS_TOKEN or INSTAGRAM_USER_ID'[39m
[2m[WebServer] [22m}
[2m[WebServer] [22m[acroxtv-feed] Instagram unavailable without snapshot {
[2m[WebServer] [22m  name: [32m'Error'[39m,
[2m[WebServer] [22m  message: [32m'Instagram feed misconfigured: missing INSTAGRAM_ACCESS_TOKEN or INSTAGRAM_USER_ID'[39m
[2m[WebServer] [22m}
  ✓  22 [mobile] › tests/e2e/acroxtv-program-media-preview.spec.ts:128:7 › program media previews › fills the latest preview media container without mobile overflow @mobile (821ms)
  ✘  13 [firefox] › tests/e2e/acroxtv-program-media-preview.spec.ts:137:7 › program media previews › presents a dominant lead preview above three aligned media panels on desktop (6.6s)
  ✘  14 [firefox] › tests/e2e/acroxtv-program-media-preview.spec.ts:147:7 › program media previews › stacks the dashboard panels without overflow on mobile (6.5s)
  ✘  21 [webkit] › tests/e2e/acroxtv-program-media-preview.spec.ts:147:7 › program media previews › stacks the dashboard panels without overflow on mobile (5.4s)
  ✘  20 [webkit] › tests/e2e/acroxtv-program-media-preview.spec.ts:137:7 › program media previews › presents a dominant lead preview above three aligned media panels on desktop (5.8s)


  1) [chromium] › tests/e2e/acroxtv-program-media-preview.spec.ts:137:7 › program media previews › presents a dominant lead preview above three aligned media panels on desktop 

    Error: [2mexpect([22m[31mlocator[39m[2m).[22mtoBeVisible[2m([22m[2m)[22m failed

    Locator: getByRole('region', { name: 'Dashboard de medios' }).getByRole('region', { name: 'Último episodio' }).getByRole('button', { name: /Reproducir Alta episodio más reciente/i })
    Expected: visible
    Timeout: 5000ms
    Error: element(s) not found

    Call log:
    [2m  - Expect "toBeVisible" with timeout 5000ms[22m
    [2m  - waiting for getByRole('region', { name: 'Dashboard de medios' }).getByRole('region', { name: 'Último episodio' }).getByRole('button', { name: /Reproducir Alta episodio más reciente/i })[22m


      141 |     const panels = dashboard.getByRole("region", { name: /Panel (Más visto|Episodios|Instagram)/ });
      142 |
    > 143 |     await expect(lead.getByRole("button", { name: /Reproducir Alta episodio más reciente/i })).toBeVisible();
          |                                                                                                ^
      144 |     await expect(panels).toHaveCount(3);
      145 |   });
      146 |
        at /private/var/folders/zm/dsw2c_6d38bgvds465sgx4dr0000gn/T/opencode/wp7-red/tests/e2e/acroxtv-program-media-preview.spec.ts:143:96

    attachment #1: screenshot (image/png) ──────────────────────────────────────────────────────────
    test-results/acroxtv-program-media-prev-d915f-ned-media-panels-on-desktop-chromium/test-failed-1.png
    ────────────────────────────────────────────────────────────────────────────────────────────────

    attachment #2: video (video/webm) ──────────────────────────────────────────────────────────────
    test-results/acroxtv-program-media-prev-d915f-ned-media-panels-on-desktop-chromium/video.webm
    ────────────────────────────────────────────────────────────────────────────────────────────────

    Error Context: test-results/acroxtv-program-media-prev-d915f-ned-media-panels-on-desktop-chromium/error-context.md

    attachment #4: trace (application/zip) ─────────────────────────────────────────────────────────
    test-results/acroxtv-program-media-prev-d915f-ned-media-panels-on-desktop-chromium/trace.zip
    Usage:

        npx playwright show-trace test-results/acroxtv-program-media-prev-d915f-ned-media-panels-on-desktop-chromium/trace.zip

    ────────────────────────────────────────────────────────────────────────────────────────────────

  2) [chromium] › tests/e2e/acroxtv-program-media-preview.spec.ts:147:7 › program media previews › stacks the dashboard panels without overflow on mobile 

    Error: [2mexpect([22m[31mlocator[39m[2m).[22mtoBeVisible[2m([22m[2m)[22m failed

    Locator: getByRole('region', { name: 'Dashboard de medios' })
    Expected: visible
    Timeout: 5000ms
    Error: element(s) not found

    Call log:
    [2m  - Expect "toBeVisible" with timeout 5000ms[22m
    [2m  - waiting for getByRole('region', { name: 'Dashboard de medios' })[22m


      150 |     const panels = dashboard.getByRole("region", { name: /Panel (Más visto|Episodios|Instagram)/ });
      151 |
    > 152 |     await expect(dashboard).toBeVisible();
          |                             ^
      153 |     await expect(panels).toHaveCount(3);
      154 |   });
      155 | });
        at /private/var/folders/zm/dsw2c_6d38bgvds465sgx4dr0000gn/T/opencode/wp7-red/tests/e2e/acroxtv-program-media-preview.spec.ts:152:29

    attachment #1: screenshot (image/png) ──────────────────────────────────────────────────────────
    test-results/acroxtv-program-media-prev-2137a--without-overflow-on-mobile-chromium/test-failed-1.png
    ────────────────────────────────────────────────────────────────────────────────────────────────

    attachment #2: video (video/webm) ──────────────────────────────────────────────────────────────
    test-results/acroxtv-program-media-prev-2137a--without-overflow-on-mobile-chromium/video.webm
    ────────────────────────────────────────────────────────────────────────────────────────────────

    Error Context: test-results/acroxtv-program-media-prev-2137a--without-overflow-on-mobile-chromium/error-context.md

    attachment #4: trace (application/zip) ─────────────────────────────────────────────────────────
    test-results/acroxtv-program-media-prev-2137a--without-overflow-on-mobile-chromium/trace.zip
    Usage:

        npx playwright show-trace test-results/acroxtv-program-media-prev-2137a--without-overflow-on-mobile-chromium/trace.zip

    ────────────────────────────────────────────────────────────────────────────────────────────────

  3) [firefox] › tests/e2e/acroxtv-program-media-preview.spec.ts:137:7 › program media previews › presents a dominant lead preview above three aligned media panels on desktop 

    Error: [2mexpect([22m[31mlocator[39m[2m).[22mtoBeVisible[2m([22m[2m)[22m failed

    Locator: getByRole('region', { name: 'Dashboard de medios' }).getByRole('region', { name: 'Último episodio' }).getByRole('button', { name: /Reproducir Alta episodio más reciente/i })
    Expected: visible
    Timeout: 5000ms
    Error: element(s) not found

    Call log:
    [2m  - Expect "toBeVisible" with timeout 5000ms[22m
    [2m  - waiting for getByRole('region', { name: 'Dashboard de medios' }).getByRole('region', { name: 'Último episodio' }).getByRole('button', { name: /Reproducir Alta episodio más reciente/i })[22m


      141 |     const panels = dashboard.getByRole("region", { name: /Panel (Más visto|Episodios|Instagram)/ });
      142 |
    > 143 |     await expect(lead.getByRole("button", { name: /Reproducir Alta episodio más reciente/i })).toBeVisible();
          |                                                                                                ^
      144 |     await expect(panels).toHaveCount(3);
      145 |   });
      146 |
        at /private/var/folders/zm/dsw2c_6d38bgvds465sgx4dr0000gn/T/opencode/wp7-red/tests/e2e/acroxtv-program-media-preview.spec.ts:143:96

    attachment #1: screenshot (image/png) ──────────────────────────────────────────────────────────
    test-results/acroxtv-program-media-prev-d915f-ned-media-panels-on-desktop-firefox/test-failed-1.png
    ────────────────────────────────────────────────────────────────────────────────────────────────

    attachment #2: video (video/webm) ──────────────────────────────────────────────────────────────
    test-results/acroxtv-program-media-prev-d915f-ned-media-panels-on-desktop-firefox/video.webm
    ────────────────────────────────────────────────────────────────────────────────────────────────

    Error Context: test-results/acroxtv-program-media-prev-d915f-ned-media-panels-on-desktop-firefox/error-context.md

    attachment #4: trace (application/zip) ─────────────────────────────────────────────────────────
    test-results/acroxtv-program-media-prev-d915f-ned-media-panels-on-desktop-firefox/trace.zip
    Usage:

        npx playwright show-trace test-results/acroxtv-program-media-prev-d915f-ned-media-panels-on-desktop-firefox/trace.zip

    ────────────────────────────────────────────────────────────────────────────────────────────────

  4) [firefox] › tests/e2e/acroxtv-program-media-preview.spec.ts:147:7 › program media previews › stacks the dashboard panels without overflow on mobile 

    Error: [2mexpect([22m[31mlocator[39m[2m).[22mtoBeVisible[2m([22m[2m)[22m failed

    Locator: getByRole('region', { name: 'Dashboard de medios' })
    Expected: visible
    Timeout: 5000ms
    Error: element(s) not found

    Call log:
    [2m  - Expect "toBeVisible" with timeout 5000ms[22m
    [2m  - waiting for getByRole('region', { name: 'Dashboard de medios' })[22m


      150 |     const panels = dashboard.getByRole("region", { name: /Panel (Más visto|Episodios|Instagram)/ });
      151 |
    > 152 |     await expect(dashboard).toBeVisible();
          |                             ^
      153 |     await expect(panels).toHaveCount(3);
      154 |   });
      155 | });
        at /private/var/folders/zm/dsw2c_6d38bgvds465sgx4dr0000gn/T/opencode/wp7-red/tests/e2e/acroxtv-program-media-preview.spec.ts:152:29

    attachment #1: screenshot (image/png) ──────────────────────────────────────────────────────────
    test-results/acroxtv-program-media-prev-2137a--without-overflow-on-mobile-firefox/test-failed-1.png
    ────────────────────────────────────────────────────────────────────────────────────────────────

    attachment #2: video (video/webm) ──────────────────────────────────────────────────────────────
    test-results/acroxtv-program-media-prev-2137a--without-overflow-on-mobile-firefox/video.webm
    ────────────────────────────────────────────────────────────────────────────────────────────────

    Error Context: test-results/acroxtv-program-media-prev-2137a--without-overflow-on-mobile-firefox/error-context.md

    attachment #4: trace (application/zip) ─────────────────────────────────────────────────────────
    test-results/acroxtv-program-media-prev-2137a--without-overflow-on-mobile-firefox/trace.zip
    Usage:

        npx playwright show-trace test-results/acroxtv-program-media-prev-2137a--without-overflow-on-mobile-firefox/trace.zip

    ────────────────────────────────────────────────────────────────────────────────────────────────

  5) [webkit] › tests/e2e/acroxtv-program-media-preview.spec.ts:137:7 › program media previews › presents a dominant lead preview above three aligned media panels on desktop 

    Error: [2mexpect([22m[31mlocator[39m[2m).[22mtoBeVisible[2m([22m[2m)[22m failed

    Locator: getByRole('region', { name: 'Dashboard de medios' }).getByRole('region', { name: 'Último episodio' }).getByRole('button', { name: /Reproducir Alta episodio más reciente/i })
    Expected: visible
    Timeout: 5000ms
    Error: element(s) not found

    Call log:
    [2m  - Expect "toBeVisible" with timeout 5000ms[22m
    [2m  - waiting for getByRole('region', { name: 'Dashboard de medios' }).getByRole('region', { name: 'Último episodio' }).getByRole('button', { name: /Reproducir Alta episodio más reciente/i })[22m


      141 |     const panels = dashboard.getByRole("region", { name: /Panel (Más visto|Episodios|Instagram)/ });
      142 |
    > 143 |     await expect(lead.getByRole("button", { name: /Reproducir Alta episodio más reciente/i })).toBeVisible();
          |                                                                                                ^
      144 |     await expect(panels).toHaveCount(3);
      145 |   });
      146 |
        at /private/var/folders/zm/dsw2c_6d38bgvds465sgx4dr0000gn/T/opencode/wp7-red/tests/e2e/acroxtv-program-media-preview.spec.ts:143:96

    attachment #1: screenshot (image/png) ──────────────────────────────────────────────────────────
    test-results/acroxtv-program-media-prev-d915f-ned-media-panels-on-desktop-webkit/test-failed-1.png
    ────────────────────────────────────────────────────────────────────────────────────────────────

    attachment #2: video (video/webm) ──────────────────────────────────────────────────────────────
    test-results/acroxtv-program-media-prev-d915f-ned-media-panels-on-desktop-webkit/video.webm
    ────────────────────────────────────────────────────────────────────────────────────────────────

    Error Context: test-results/acroxtv-program-media-prev-d915f-ned-media-panels-on-desktop-webkit/error-context.md

    attachment #4: trace (application/zip) ─────────────────────────────────────────────────────────
    test-results/acroxtv-program-media-prev-d915f-ned-media-panels-on-desktop-webkit/trace.zip
    Usage:

        npx playwright show-trace test-results/acroxtv-program-media-prev-d915f-ned-media-panels-on-desktop-webkit/trace.zip

    ────────────────────────────────────────────────────────────────────────────────────────────────

  6) [webkit] › tests/e2e/acroxtv-program-media-preview.spec.ts:147:7 › program media previews › stacks the dashboard panels without overflow on mobile 

    Error: [2mexpect([22m[31mlocator[39m[2m).[22mtoBeVisible[2m([22m[2m)[22m failed

    Locator: getByRole('region', { name: 'Dashboard de medios' })
    Expected: visible
    Timeout: 5000ms
    Error: element(s) not found

    Call log:
    [2m  - Expect "toBeVisible" with timeout 5000ms[22m
    [2m  - waiting for getByRole('region', { name: 'Dashboard de medios' })[22m


      150 |     const panels = dashboard.getByRole("region", { name: /Panel (Más visto|Episodios|Instagram)/ });
      151 |
    > 152 |     await expect(dashboard).toBeVisible();
          |                             ^
      153 |     await expect(panels).toHaveCount(3);
      154 |   });
      155 | });
        at /private/var/folders/zm/dsw2c_6d38bgvds465sgx4dr0000gn/T/opencode/wp7-red/tests/e2e/acroxtv-program-media-preview.spec.ts:152:29

    attachment #1: screenshot (image/png) ──────────────────────────────────────────────────────────
    test-results/acroxtv-program-media-prev-2137a--without-overflow-on-mobile-webkit/test-failed-1.png
    ────────────────────────────────────────────────────────────────────────────────────────────────

    attachment #2: video (video/webm) ──────────────────────────────────────────────────────────────
    test-results/acroxtv-program-media-prev-2137a--without-overflow-on-mobile-webkit/video.webm
    ────────────────────────────────────────────────────────────────────────────────────────────────

    Error Context: test-results/acroxtv-program-media-prev-2137a--without-overflow-on-mobile-webkit/error-context.md

    attachment #4: trace (application/zip) ─────────────────────────────────────────────────────────
    test-results/acroxtv-program-media-prev-2137a--without-overflow-on-mobile-webkit/trace.zip
    Usage:

        npx playwright show-trace test-results/acroxtv-program-media-prev-2137a--without-overflow-on-mobile-webkit/trace.zip

    ────────────────────────────────────────────────────────────────────────────────────────────────

  6 failed
    [chromium] › tests/e2e/acroxtv-program-media-preview.spec.ts:137:7 › program media previews › presents a dominant lead preview above three aligned media panels on desktop 
    [chromium] › tests/e2e/acroxtv-program-media-preview.spec.ts:147:7 › program media previews › stacks the dashboard panels without overflow on mobile 
    [firefox] › tests/e2e/acroxtv-program-media-preview.spec.ts:137:7 › program media previews › presents a dominant lead preview above three aligned media panels on desktop 
    [firefox] › tests/e2e/acroxtv-program-media-preview.spec.ts:147:7 › program media previews › stacks the dashboard panels without overflow on mobile 
    [webkit] › tests/e2e/acroxtv-program-media-preview.spec.ts:137:7 › program media previews › presents a dominant lead preview above three aligned media panels on desktop 
    [webkit] › tests/e2e/acroxtv-program-media-preview.spec.ts:147:7 › program media previews › stacks the dashboard panels without overflow on mobile 
  16 passed (25.9s)
