
> acrox-tv-landing@0.1.0 test:e2e
> node scripts/run-e2e.mjs


Running 190 tests using 5 workers

  ✓    1 [chromium] › tests/e2e/acroxtv-contracts.spec.ts:48:7 › Acrox TV program registry contract › rejects invalid, static-route, and public-root collisions (5ms)
  ✓    2 [chromium] › tests/e2e/acroxtv-contracts.spec.ts:63:7 › Acrox TV program registry contract › runs the parallel browser suite against a fresh production server (4ms)
  ✓    4 [chromium] › tests/e2e/acroxtv-contracts.spec.ts:79:7 › Acrox TV program registry contract › pins Turbopack to this absolute project root (0ms)
  ✓    3 [chromium] › tests/e2e/acroxtv-contracts.spec.ts:59:7 › Acrox TV program registry contract › does not collide with current static routes or public-root paths (3ms)
  ✓    5 [chromium] › tests/e2e/acroxtv-contracts.spec.ts:83:7 › Acrox TV program registry contract › documents the registry, media adapter, and scoped feed HTTP contracts (3ms)
  ✓    6 [chromium] › tests/e2e/acroxtv-contracts.spec.ts:29:7 › Acrox TV program registry contract › exposes the two canonical program paths (2ms)
  ✓    7 [chromium] › tests/e2e/acroxtv-contracts.spec.ts:43:7 › Acrox TV program registry contract › rejects duplicate and reserved slugs (3ms)
  ✓   10 [chromium] › tests/e2e/acroxtv-contracts.spec.ts:35:7 › Acrox TV program registry contract › discovers every registered program through its direct canonical sitemap URL (2ms)
  ✓   13 [chromium] › tests/e2e/acroxtv-editorial.spec.ts:111:7 › Acrox TV direct program routes › keeps Instagram unavailable without sibling media (2.6s)
  ✓   11 [chromium] › tests/e2e/acroxtv-editorial.spec.ts:72:7 › Acrox TV direct program routes › serves the canonical Alta URL and rejects the former direct alias (2.7s)
  ✓   12 [chromium] › tests/e2e/acroxtv-editorial.spec.ts:81:7 › Acrox TV direct program routes › keeps direct program media scoped while Navbar uses the legacy feed (3.2s)
  ✓    8 [chromium] › tests/e2e/acroxtv-editorial.spec.ts:42:7 › Acrox TV direct program routes › serves registered programs as generated static pages with route metadata (3.3s)
  ✓    9 [chromium] › tests/e2e/acroxtv-editorial.spec.ts:56:7 › Acrox TV direct program routes › renders every registered program inside the Acrox shell (3.3s)
  ✓   14 [chromium] › tests/e2e/acroxtv-editorial.spec.ts:157:7 › Acrox TV direct program routes › renders unavailable Instagram distinctly with a latest-episode fallback (1.2s)
  ✓   15 [chromium] › tests/e2e/acroxtv-editorial.spec.ts:181:7 › Acrox TV direct program routes › renders stale Instagram items with a stale indication (1.6s)
  ✓   17 [chromium] › tests/e2e/acroxtv-editorial.spec.ts:238:9 › Acrox TV direct program routes › keeps a available empty Instagram feed honest (1.2s)
  ✓   16 [chromium] › tests/e2e/acroxtv-editorial.spec.ts:212:7 › Acrox TV direct program routes › keeps an available zero-item feed honest (1.2s)
  ✓   20 [chromium] › tests/e2e/acroxtv-editorial.spec.ts:309:7 › Acrox TV direct program routes › leaves explicit static and API routes under their current owners (329ms)
  ✓   18 [chromium] › tests/e2e/acroxtv-editorial.spec.ts:238:9 › Acrox TV direct program routes › keeps a stale empty Instagram feed honest (1.3s)
  ✓   19 [chromium] › tests/e2e/acroxtv-editorial.spec.ts:257:7 › Acrox TV direct program routes › renders an Instagram error distinctly from the primary episode error (1.3s)
  ✓   21 [chromium] › tests/e2e/acroxtv-editorial.spec.ts:318:7 › Acrox TV direct program routes › returns the established not-found page for unknown and reserved paths (801ms)
  ✓   23 [chromium] › tests/e2e/acroxtv-editorial.spec.ts:363:7 › Acrox TV editorial directory › keeps each canonical program name in the visible editorial hierarchy (805ms)
  ✓   24 [chromium] › tests/e2e/acroxtv-editorial.spec.ts:372:7 › Acrox TV editorial directory › places the home program directory directly on the page background (757ms)
  ✓   22 [chromium] › tests/e2e/acroxtv-editorial.spec.ts:346:7 › Acrox TV editorial directory › renders equally prominent canonical program covers and keeps the approved-only ribbon off program pages (2.0s)
  ✓   27 [chromium] › tests/e2e/acroxtv-editorial.spec.ts:416:7 › Acrox TV editorial directory › shows a visible program fallback when artwork fails to load (1.1s)
  ✓   25 [chromium] › tests/e2e/acroxtv-editorial.spec.ts:388:7 › Acrox TV editorial directory › keeps editorial covers in the Tab sequence and activates them with the keyboard (1.5s)
  ✓   26 [chromium] › tests/e2e/acroxtv-editorial.spec.ts:402:7 › Acrox TV editorial directory › keeps reverse Tab navigation between editorial covers (1.3s)
  ✓   28 [chromium] › tests/e2e/acroxtv-editorial.spec.ts:434:7 › Acrox TV editorial directory › shows a visible program fallback when artwork failed before hydration (1.2s)
  ✓   33 [chromium] › tests/e2e/acroxtv-feed.http.spec.ts:4:7 › program-scoped Acrox TV feed HTTP contract › rejects unknown slugs without reaching a provider (306ms)
  ✓   29 [chromium] › tests/e2e/acroxtv-editorial.spec.ts:461:7 › Acrox TV editorial directory › keeps loaded artwork visible (484ms)
  ✓   30 [chromium] › tests/e2e/acroxtv-editorial.spec.ts:469:7 › Acrox TV editorial directory › renders neutral sponsorship cells without inventing brands (516ms)
  ✓   32 [chromium] › tests/e2e/acroxtv-editorial.spec.ts:491:7 › Acrox TV editorial directory › keeps legacy media, live, and feed content out of the home directory (731ms)
  ✓   31 [chromium] › tests/e2e/acroxtv-editorial.spec.ts:479:7 › Acrox TV editorial directory › pauses the sponsorship ribbon for keyboard and reduced-motion visitors (751ms)
  ✓   35 [chromium] › tests/e2e/acroxtv-program-media-preview.spec.ts:102:7 › program media previews › closes the latest preview after outside interaction (1.5s)
  ✓   34 [chromium] › tests/e2e/acroxtv-program-media-preview.spec.ts:84:7 › program media previews › opens the scoped latest preview and restores its thumbnail with Escape (1.6s)
  ✓   36 [chromium] › tests/e2e/acroxtv-program-media-preview.spec.ts:113:7 › program media previews › fills the latest preview media container on desktop (1.5s)
  ✓   38 [chromium] › tests/e2e/acroxtv-program-media-preview.spec.ts:144:7 › program media previews › keeps the program feed isolated and renders an honest unavailable Instagram card plus Footer (1.4s)
  ✓   40 [chromium] › tests/e2e/acroxtv-program-media-preview.spec.ts:199:7 › program media previews › stacks the home-style media cards without overflow on mobile (1.2s)
  ✓   39 [chromium] › tests/e2e/acroxtv-program-media-preview.spec.ts:164:7 › program media previews › presents a dominant lead preview above three equal home-style media cards on desktop (1.3s)
  ✓   41 [chromium] › tests/e2e/acroxtv-program-polish.spec.ts:46:7 › program visual polish › removes program-only copy while preserving an accessible, closable latest preview (1.4s)
  ✓   42 [chromium] › tests/e2e/acroxtv-program-polish.spec.ts:67:7 › program visual polish › keeps the shared Footer navigating from a program page to home anchors (2.0s)
  ✓   43 [chromium] › tests/e2e/acroxtv-program-polish.spec.ts:80:7 › program visual polish › uses the same rendered kicker treatment for the home program directory as Quiénes Somos (1.1s)
  ✓   44 [chromium] › tests/e2e/acroxtv-wp2-program-isolation.spec.ts:20:9 › WP-2 program media isolation › does not render mas-que-nutricion media on /alta-data-te-tire (1.2s)
  ✓   45 [chromium] › tests/e2e/acroxtv-wp2-program-isolation.spec.ts:20:9 › WP-2 program media isolation › does not render alta-data-te-tire media on /mas-que-nutricion (1.5s)
  ✓   48 [chromium] › tests/e2e/critical.spec.ts:69:7 › Navbar Desktop › links principales navegan a secciones relevantes (870ms)
  ✓   49 [chromium] › tests/e2e/critical.spec.ts:85:7 › Navbar Desktop › shows the live badge and opens the legacy live stream when the feed is live (550ms)
  ✓   46 [chromium] › tests/e2e/critical.spec.ts:51:7 › Hero CTAs › Solicitar Propuesta lleva a contacto (1.5s)
  ✓   50 [chromium] › tests/e2e/critical.spec.ts:118:7 › Navbar Desktop › keeps the Acrox TV anchors internal when the legacy feed is not live (541ms)
  ✓   47 [chromium] › tests/e2e/critical.spec.ts:59:7 › Hero CTAs › Ver Nuestros Proyectos navega a /proyectos (1.6s)
  ✓   37 [chromium] › tests/e2e/acroxtv-program-media-preview.spec.ts:120:7 › program media previews › reuses the home carousel contract for the scoped YouTube cards without external controls (6.3s)
  ✓   51 [chromium] › tests/e2e/critical.spec.ts:145:7 › Form Negative Validations › submit vacio no envia (2.0s)
  ✓   53 [chromium] › tests/e2e/critical.spec.ts:171:7 › Form Negative Validations › sin servicio no envia (2.0s)
  ✓   54 [chromium] › tests/e2e/critical.spec.ts:185:7 › Popup Fallback › cuando window.open falla aplica fallback y no rompe flujo (2.0s)
  ✓   52 [chromium] › tests/e2e/critical.spec.ts:159:7 › Form Negative Validations › sin consentimiento no envia (2.2s)
  ✓   55 [chromium] › tests/e2e/critical.spec.ts:204:9 › Directorio de programas › la portada de Alta Data ¡Te Tire! lleva a su página canónica (1.4s)
  ✓   60 [chromium] › tests/e2e/smoke.spec.ts:27:5 › sitemap includes proyectos (32ms)
  ✓   56 [chromium] › tests/e2e/critical.spec.ts:204:9 › Directorio de programas › la portada de Más que Nutrición lleva a su página canónica (994ms)
  ✓   57 [chromium] › tests/e2e/smoke.spec.ts:3:5 › home renders key sections (703ms)
  ✓   59 [chromium] › tests/e2e/smoke.spec.ts:19:5 › terms and privacy pages load (844ms)
  ✓   58 [chromium] › tests/e2e/smoke.spec.ts:13:5 › proyectos page loads (947ms)
  ✓   62 [firefox] › tests/e2e/acroxtv-contracts.spec.ts:29:7 › Acrox TV program registry contract › exposes the two canonical program paths (5ms)
  ✓   63 [firefox] › tests/e2e/acroxtv-contracts.spec.ts:35:7 › Acrox TV program registry contract › discovers every registered program through its direct canonical sitemap URL (6ms)
  ✓   64 [firefox] › tests/e2e/acroxtv-contracts.spec.ts:59:7 › Acrox TV program registry contract › does not collide with current static routes or public-root paths (1ms)
  ✓   66 [firefox] › tests/e2e/acroxtv-contracts.spec.ts:79:7 › Acrox TV program registry contract › pins Turbopack to this absolute project root (1ms)
  ✓   65 [firefox] › tests/e2e/acroxtv-contracts.spec.ts:63:7 › Acrox TV program registry contract › runs the parallel browser suite against a fresh production server (4ms)
  ✓   67 [firefox] › tests/e2e/acroxtv-contracts.spec.ts:83:7 › Acrox TV program registry contract › documents the registry, media adapter, and scoped feed HTTP contracts (4ms)
  ✓   70 [firefox] › tests/e2e/acroxtv-contracts.spec.ts:43:7 › Acrox TV program registry contract › rejects duplicate and reserved slugs (4ms)
  ✓   72 [firefox] › tests/e2e/acroxtv-contracts.spec.ts:48:7 › Acrox TV program registry contract › rejects invalid, static-route, and public-root collisions (8ms)
  ✓   61 [chromium] › tests/e2e/smoke.spec.ts:34:5 › contact form submits and reaches success state (1.5s)
  ✓   68 [firefox] › tests/e2e/acroxtv-editorial.spec.ts:42:7 › Acrox TV direct program routes › serves registered programs as generated static pages with route metadata (2.5s)
  ✓   73 [firefox] › tests/e2e/acroxtv-editorial.spec.ts:81:7 › Acrox TV direct program routes › keeps direct program media scoped while Navbar uses the legacy feed (2.7s)
  ✓   74 [firefox] › tests/e2e/acroxtv-editorial.spec.ts:111:7 › Acrox TV direct program routes › keeps Instagram unavailable without sibling media (2.5s)
  ✓   75 [firefox] › tests/e2e/acroxtv-editorial.spec.ts:157:7 › Acrox TV direct program routes › renders unavailable Instagram distinctly with a latest-episode fallback (1.4s)
  ✓   69 [firefox] › tests/e2e/acroxtv-editorial.spec.ts:56:7 › Acrox TV direct program routes › renders every registered program inside the Acrox shell (3.4s)
  ✓   71 [firefox] › tests/e2e/acroxtv-editorial.spec.ts:72:7 › Acrox TV direct program routes › serves the canonical Alta URL and rejects the former direct alias (2.8s)
  ✓   76 [firefox] › tests/e2e/acroxtv-editorial.spec.ts:181:7 › Acrox TV direct program routes › renders stale Instagram items with a stale indication (1.5s)
  ✓   77 [firefox] › tests/e2e/acroxtv-editorial.spec.ts:212:7 › Acrox TV direct program routes › keeps an available zero-item feed honest (1.5s)
  ✓   78 [firefox] › tests/e2e/acroxtv-editorial.spec.ts:238:9 › Acrox TV direct program routes › keeps a available empty Instagram feed honest (1.4s)
  ✓   81 [firefox] › tests/e2e/acroxtv-editorial.spec.ts:309:7 › Acrox TV direct program routes › leaves explicit static and API routes under their current owners (725ms)
  ✓   79 [firefox] › tests/e2e/acroxtv-editorial.spec.ts:238:9 › Acrox TV direct program routes › keeps a stale empty Instagram feed honest (1.4s)
  ✓   80 [firefox] › tests/e2e/acroxtv-editorial.spec.ts:257:7 › Acrox TV direct program routes › renders an Instagram error distinctly from the primary episode error (1.5s)
  ✓   82 [firefox] › tests/e2e/acroxtv-editorial.spec.ts:318:7 › Acrox TV direct program routes › returns the established not-found page for unknown and reserved paths (949ms)
  ✓   84 [firefox] › tests/e2e/acroxtv-editorial.spec.ts:363:7 › Acrox TV editorial directory › keeps each canonical program name in the visible editorial hierarchy (995ms)
  ✓   85 [firefox] › tests/e2e/acroxtv-editorial.spec.ts:372:7 › Acrox TV editorial directory › places the home program directory directly on the page background (862ms)
  ✓   86 [firefox] › tests/e2e/acroxtv-editorial.spec.ts:388:7 › Acrox TV editorial directory › keeps editorial covers in the Tab sequence and activates them with the keyboard (1.3s)
  ✓   87 [firefox] › tests/e2e/acroxtv-editorial.spec.ts:402:7 › Acrox TV editorial directory › keeps reverse Tab navigation between editorial covers (1.3s)
  ✓   83 [firefox] › tests/e2e/acroxtv-editorial.spec.ts:346:7 › Acrox TV editorial directory › renders equally prominent canonical program covers and keeps the approved-only ribbon off program pages (2.2s)
  ✓   88 [firefox] › tests/e2e/acroxtv-editorial.spec.ts:416:7 › Acrox TV editorial directory › shows a visible program fallback when artwork fails to load (1.2s)
  ✓   89 [firefox] › tests/e2e/acroxtv-editorial.spec.ts:434:7 › Acrox TV editorial directory › shows a visible program fallback when artwork failed before hydration (1.1s)
  ✓   94 [firefox] › tests/e2e/acroxtv-feed.http.spec.ts:4:7 › program-scoped Acrox TV feed HTTP contract › rejects unknown slugs without reaching a provider (555ms)
  ✓   90 [firefox] › tests/e2e/acroxtv-editorial.spec.ts:461:7 › Acrox TV editorial directory › keeps loaded artwork visible (850ms)
  ✓   93 [firefox] › tests/e2e/acroxtv-editorial.spec.ts:491:7 › Acrox TV editorial directory › keeps legacy media, live, and feed content out of the home directory (795ms)
  ✓   91 [firefox] › tests/e2e/acroxtv-editorial.spec.ts:469:7 › Acrox TV editorial directory › renders neutral sponsorship cells without inventing brands (1.0s)
  ✓   92 [firefox] › tests/e2e/acroxtv-editorial.spec.ts:479:7 › Acrox TV editorial directory › pauses the sponsorship ribbon for keyboard and reduced-motion visitors (1.1s)
  ✓   96 [firefox] › tests/e2e/acroxtv-program-media-preview.spec.ts:102:7 › program media previews › closes the latest preview after outside interaction (1.9s)
  ✓   99 [firefox] › tests/e2e/acroxtv-program-media-preview.spec.ts:144:7 › program media previews › keeps the program feed isolated and renders an honest unavailable Instagram card plus Footer (1.5s)
  ✓   97 [firefox] › tests/e2e/acroxtv-program-media-preview.spec.ts:113:7 › program media previews › fills the latest preview media container on desktop (1.9s)
  ✓   95 [firefox] › tests/e2e/acroxtv-program-media-preview.spec.ts:84:7 › program media previews › opens the scoped latest preview and restores its thumbnail with Escape (2.3s)
  ✓  101 [firefox] › tests/e2e/acroxtv-program-media-preview.spec.ts:199:7 › program media previews › stacks the home-style media cards without overflow on mobile (1.3s)
  ✓  100 [firefox] › tests/e2e/acroxtv-program-media-preview.spec.ts:164:7 › program media previews › presents a dominant lead preview above three equal home-style media cards on desktop (1.6s)
  ✓  102 [firefox] › tests/e2e/acroxtv-program-polish.spec.ts:46:7 › program visual polish › removes program-only copy while preserving an accessible, closable latest preview (1.7s)
  ✓  104 [firefox] › tests/e2e/acroxtv-program-polish.spec.ts:80:7 › program visual polish › uses the same rendered kicker treatment for the home program directory as Quiénes Somos (809ms)
  ✓  103 [firefox] › tests/e2e/acroxtv-program-polish.spec.ts:67:7 › program visual polish › keeps the shared Footer navigating from a program page to home anchors (2.0s)
  ✓  105 [firefox] › tests/e2e/acroxtv-wp2-program-isolation.spec.ts:20:9 › WP-2 program media isolation › does not render mas-que-nutricion media on /alta-data-te-tire (1.3s)
  ✓  106 [firefox] › tests/e2e/acroxtv-wp2-program-isolation.spec.ts:20:9 › WP-2 program media isolation › does not render alta-data-te-tire media on /mas-que-nutricion (1.3s)
  ✓  110 [firefox] › tests/e2e/critical.spec.ts:85:7 › Navbar Desktop › shows the live badge and opens the legacy live stream when the feed is live (551ms)
  ✓  107 [firefox] › tests/e2e/critical.spec.ts:51:7 › Hero CTAs › Solicitar Propuesta lleva a contacto (1.6s)
  ✓  109 [firefox] › tests/e2e/critical.spec.ts:69:7 › Navbar Desktop › links principales navegan a secciones relevantes (1.0s)
  ✓  108 [firefox] › tests/e2e/critical.spec.ts:59:7 › Hero CTAs › Ver Nuestros Proyectos navega a /proyectos (1.7s)
  ✓  111 [firefox] › tests/e2e/critical.spec.ts:118:7 › Navbar Desktop › keeps the Acrox TV anchors internal when the legacy feed is not live (679ms)
  ✓   98 [firefox] › tests/e2e/acroxtv-program-media-preview.spec.ts:120:7 › program media previews › reuses the home carousel contract for the scoped YouTube cards without external controls (6.4s)
  ✓  112 [firefox] › tests/e2e/critical.spec.ts:145:7 › Form Negative Validations › submit vacio no envia (1.5s)
  ✓  114 [firefox] › tests/e2e/critical.spec.ts:171:7 › Form Negative Validations › sin servicio no envia (1.8s)
  ✓  116 [firefox] › tests/e2e/critical.spec.ts:204:9 › Directorio de programas › la portada de Alta Data ¡Te Tire! lleva a su página canónica (1.1s)
  ✓  113 [firefox] › tests/e2e/critical.spec.ts:159:7 › Form Negative Validations › sin consentimiento no envia (2.1s)
  ✓  115 [firefox] › tests/e2e/critical.spec.ts:185:7 › Popup Fallback › cuando window.open falla aplica fallback y no rompe flujo (2.0s)
  ✓  121 [firefox] › tests/e2e/smoke.spec.ts:27:5 › sitemap includes proyectos (19ms)
  ✓  117 [firefox] › tests/e2e/critical.spec.ts:204:9 › Directorio de programas › la portada de Más que Nutrición lleva a su página canónica (1.2s)
  ✓  119 [firefox] › tests/e2e/smoke.spec.ts:13:5 › proyectos page loads (840ms)
  ✓  118 [firefox] › tests/e2e/smoke.spec.ts:3:5 › home renders key sections (955ms)
  ✓  120 [firefox] › tests/e2e/smoke.spec.ts:19:5 › terms and privacy pages load (791ms)
  ✓  123 [webkit] › tests/e2e/acroxtv-contracts.spec.ts:29:7 › Acrox TV program registry contract › exposes the two canonical program paths (2ms)
  ✓  124 [webkit] › tests/e2e/acroxtv-contracts.spec.ts:59:7 › Acrox TV program registry contract › does not collide with current static routes or public-root paths (1ms)
  ✓  125 [webkit] › tests/e2e/acroxtv-contracts.spec.ts:63:7 › Acrox TV program registry contract › runs the parallel browser suite against a fresh production server (2ms)
  ✓  126 [webkit] › tests/e2e/acroxtv-contracts.spec.ts:79:7 › Acrox TV program registry contract › pins Turbopack to this absolute project root (0ms)
  ✓  127 [webkit] › tests/e2e/acroxtv-contracts.spec.ts:83:7 › Acrox TV program registry contract › documents the registry, media adapter, and scoped feed HTTP contracts (3ms)
  ✓  129 [webkit] › tests/e2e/acroxtv-contracts.spec.ts:35:7 › Acrox TV program registry contract › discovers every registered program through its direct canonical sitemap URL (3ms)
  ✓  131 [webkit] › tests/e2e/acroxtv-contracts.spec.ts:43:7 › Acrox TV program registry contract › rejects duplicate and reserved slugs (5ms)
  ✓  133 [webkit] › tests/e2e/acroxtv-contracts.spec.ts:48:7 › Acrox TV program registry contract › rejects invalid, static-route, and public-root collisions (4ms)
  ✓  122 [firefox] › tests/e2e/smoke.spec.ts:34:5 › contact form submits and reaches success state (2.5s)
  ✓  132 [webkit] › tests/e2e/acroxtv-editorial.spec.ts:72:7 › Acrox TV direct program routes › serves the canonical Alta URL and rejects the former direct alias (1.2s)
  ✓  134 [webkit] › tests/e2e/acroxtv-editorial.spec.ts:81:7 › Acrox TV direct program routes › keeps direct program media scoped while Navbar uses the legacy feed (1.2s)
  ✓  128 [webkit] › tests/e2e/acroxtv-editorial.spec.ts:42:7 › Acrox TV direct program routes › serves registered programs as generated static pages with route metadata (1.4s)
  ✓  130 [webkit] › tests/e2e/acroxtv-editorial.spec.ts:56:7 › Acrox TV direct program routes › renders every registered program inside the Acrox shell (1.7s)
  ✓  135 [webkit] › tests/e2e/acroxtv-editorial.spec.ts:157:7 › Acrox TV direct program routes › renders unavailable Instagram distinctly with a latest-episode fallback (913ms)
  ✓  137 [webkit] › tests/e2e/acroxtv-editorial.spec.ts:212:7 › Acrox TV direct program routes › keeps an available zero-item feed honest (813ms)
  ✓  136 [webkit] › tests/e2e/acroxtv-editorial.spec.ts:181:7 › Acrox TV direct program routes › renders stale Instagram items with a stale indication (901ms)
  ✓  138 [webkit] › tests/e2e/acroxtv-editorial.spec.ts:238:9 › Acrox TV direct program routes › keeps a available empty Instagram feed honest (892ms)
  ✓  141 [webkit] › tests/e2e/acroxtv-editorial.spec.ts:309:7 › Acrox TV direct program routes › leaves explicit static and API routes under their current owners (471ms)
  ✓  139 [webkit] › tests/e2e/acroxtv-editorial.spec.ts:238:9 › Acrox TV direct program routes › keeps a stale empty Instagram feed honest (724ms)
  ✓  140 [webkit] › tests/e2e/acroxtv-editorial.spec.ts:257:7 › Acrox TV direct program routes › renders an Instagram error distinctly from the primary episode error (742ms)
  ✓  142 [webkit] › tests/e2e/acroxtv-editorial.spec.ts:318:7 › Acrox TV direct program routes › returns the established not-found page for unknown and reserved paths (636ms)
  ✓  144 [webkit] › tests/e2e/acroxtv-editorial.spec.ts:363:7 › Acrox TV editorial directory › keeps each canonical program name in the visible editorial hierarchy (686ms)
  ✓  143 [webkit] › tests/e2e/acroxtv-editorial.spec.ts:346:7 › Acrox TV editorial directory › renders equally prominent canonical program covers and keeps the approved-only ribbon off program pages (1.3s)
  ✓  145 [webkit] › tests/e2e/acroxtv-editorial.spec.ts:372:7 › Acrox TV editorial directory › places the home program directory directly on the page background (1.1s)
  ✓  146 [webkit] › tests/e2e/acroxtv-editorial.spec.ts:388:7 › Acrox TV editorial directory › keeps editorial covers in the Tab sequence and activates them with the keyboard (1.5s)
  ✓  148 [webkit] › tests/e2e/acroxtv-editorial.spec.ts:402:7 › Acrox TV editorial directory › keeps reverse Tab navigation between editorial covers (1.5s)
  ✓  150 [webkit] › tests/e2e/acroxtv-editorial.spec.ts:434:7 › Acrox TV editorial directory › shows a visible program fallback when artwork failed before hydration (1.1s)
  ✓  147 [webkit] › tests/e2e/acroxtv-editorial.spec.ts:111:7 › Acrox TV direct program routes › keeps Instagram unavailable without sibling media (1.8s)
  ✓  151 [webkit] › tests/e2e/acroxtv-editorial.spec.ts:461:7 › Acrox TV editorial directory › keeps loaded artwork visible (1.2s)
  ✓  149 [webkit] › tests/e2e/acroxtv-editorial.spec.ts:416:7 › Acrox TV editorial directory › shows a visible program fallback when artwork fails to load (1.9s)
  ✓  152 [webkit] › tests/e2e/acroxtv-editorial.spec.ts:469:7 › Acrox TV editorial directory › renders neutral sponsorship cells without inventing brands (1.2s)
  ✓  155 [webkit] › tests/e2e/acroxtv-feed.http.spec.ts:4:7 › program-scoped Acrox TV feed HTTP contract › rejects unknown slugs without reaching a provider (315ms)
  ✓  154 [webkit] › tests/e2e/acroxtv-editorial.spec.ts:491:7 › Acrox TV editorial directory › keeps legacy media, live, and feed content out of the home directory (1.2s)
  ✓  153 [webkit] › tests/e2e/acroxtv-editorial.spec.ts:479:7 › Acrox TV editorial directory › pauses the sponsorship ribbon for keyboard and reduced-motion visitors (1.5s)
  ✓  156 [webkit] › tests/e2e/acroxtv-program-media-preview.spec.ts:84:7 › program media previews › opens the scoped latest preview and restores its thumbnail with Escape (1.1s)
  ✓  158 [webkit] › tests/e2e/acroxtv-program-media-preview.spec.ts:113:7 › program media previews › fills the latest preview media container on desktop (993ms)
  ✓  157 [webkit] › tests/e2e/acroxtv-program-media-preview.spec.ts:102:7 › program media previews › closes the latest preview after outside interaction (1.1s)
  ✓  160 [webkit] › tests/e2e/acroxtv-program-media-preview.spec.ts:144:7 › program media previews › keeps the program feed isolated and renders an honest unavailable Instagram card plus Footer (1.0s)
  ✓  162 [webkit] › tests/e2e/acroxtv-program-media-preview.spec.ts:199:7 › program media previews › stacks the home-style media cards without overflow on mobile (758ms)
  ✓  161 [webkit] › tests/e2e/acroxtv-program-media-preview.spec.ts:164:7 › program media previews › presents a dominant lead preview above three equal home-style media cards on desktop (992ms)
  ✓  163 [webkit] › tests/e2e/acroxtv-program-polish.spec.ts:46:7 › program visual polish › removes program-only copy while preserving an accessible, closable latest preview (900ms)
  ✓  165 [webkit] › tests/e2e/acroxtv-program-polish.spec.ts:80:7 › program visual polish › uses the same rendered kicker treatment for the home program directory as Quiénes Somos (856ms)
  ✓  164 [webkit] › tests/e2e/acroxtv-program-polish.spec.ts:67:7 › program visual polish › keeps the shared Footer navigating from a program page to home anchors (1.2s)
  ✓  166 [webkit] › tests/e2e/acroxtv-wp2-program-isolation.spec.ts:20:9 › WP-2 program media isolation › does not render mas-que-nutricion media on /alta-data-te-tire (890ms)
  ✓  167 [webkit] › tests/e2e/acroxtv-wp2-program-isolation.spec.ts:20:9 › WP-2 program media isolation › does not render alta-data-te-tire media on /mas-que-nutricion (883ms)
  ✓  171 [webkit] › tests/e2e/critical.spec.ts:85:7 › Navbar Desktop › shows the live badge and opens the legacy live stream when the feed is live (864ms)
  ✓  168 [webkit] › tests/e2e/critical.spec.ts:51:7 › Hero CTAs › Solicitar Propuesta lleva a contacto (1.7s)
  ✓  170 [webkit] › tests/e2e/critical.spec.ts:69:7 › Navbar Desktop › links principales navegan a secciones relevantes (1.6s)
  ✓  172 [webkit] › tests/e2e/critical.spec.ts:118:7 › Navbar Desktop › keeps the Acrox TV anchors internal when the legacy feed is not live (780ms)
  ✓  169 [webkit] › tests/e2e/critical.spec.ts:59:7 › Hero CTAs › Ver Nuestros Proyectos navega a /proyectos (2.3s)
  ✓  159 [webkit] › tests/e2e/acroxtv-program-media-preview.spec.ts:120:7 › program media previews › reuses the home carousel contract for the scoped YouTube cards without external controls (6.4s)
  ✓  173 [webkit] › tests/e2e/critical.spec.ts:145:7 › Form Negative Validations › submit vacio no envia (2.4s)
  ✓  174 [webkit] › tests/e2e/critical.spec.ts:159:7 › Form Negative Validations › sin consentimiento no envia (3.3s)
  ✓  175 [webkit] › tests/e2e/critical.spec.ts:171:7 › Form Negative Validations › sin servicio no envia (3.2s)
  ✓  176 [webkit] › tests/e2e/critical.spec.ts:185:7 › Popup Fallback › cuando window.open falla aplica fallback y no rompe flujo (3.1s)
  ✓  178 [webkit] › tests/e2e/critical.spec.ts:204:9 › Directorio de programas › la portada de Más que Nutrición lleva a su página canónica (1.7s)
  ✓  177 [webkit] › tests/e2e/critical.spec.ts:204:9 › Directorio de programas › la portada de Alta Data ¡Te Tire! lleva a su página canónica (1.9s)
  ✓  182 [webkit] › tests/e2e/smoke.spec.ts:27:5 › sitemap includes proyectos (41ms)
  ✓  180 [webkit] › tests/e2e/smoke.spec.ts:13:5 › proyectos page loads (1.0s)
  ✓  179 [webkit] › tests/e2e/smoke.spec.ts:3:5 › home renders key sections (1.1s)
  ✓  181 [webkit] › tests/e2e/smoke.spec.ts:19:5 › terms and privacy pages load (876ms)
  ✓  186 [mobile] › tests/e2e/acroxtv-editorial.spec.ts:512:7 › Acrox TV editorial directory › keeps the home program directory panel-free on mobile @mobile (1.2s)
  ✓  184 [mobile] › tests/e2e/acroxtv-editorial.spec.ts:280:7 › Acrox TV direct program routes › keeps the direct program media hierarchy readable at 380px @mobile (1.4s)
  ✓  185 [mobile] › tests/e2e/acroxtv-editorial.spec.ts:498:7 › Acrox TV editorial directory › keeps both covers available and readable on mobile @mobile (1.4s)
  ✓  187 [mobile] › tests/e2e/acroxtv-program-media-preview.spec.ts:155:7 › program media previews › fills the latest preview media container without mobile overflow @mobile (1.3s)
  ✓  183 [webkit] › tests/e2e/smoke.spec.ts:34:5 › contact form submits and reaches success state (3.1s)
  ✓  188 [mobile] › tests/e2e/acroxtv-program-polish.spec.ts:106:7 › program visual polish › keeps the polished direct-program layout free of horizontal overflow on mobile @mobile (999ms)
  ✓  190 [mobile] › tests/e2e/critical.spec.ts:243:7 › Mobile Critical @mobile › service select mobile abre sheet, selecciona y cierra @mobile (1.1s)
  ✓  189 [mobile] › tests/e2e/critical.spec.ts:229:7 › Mobile Critical @mobile › navbar mobile navega a ACROX TV y Contacto @mobile (1.2s)

  190 passed (58.9s)
