
> acrox-tv-landing@0.1.0 test:e2e
> node scripts/run-e2e.mjs tests/e2e/acroxtv-program-media-preview.spec.ts


Running 22 tests using 5 workers

[2m[WebServer] [22m[acroxtv-feed] Instagram fetch failed {
[2m[WebServer] [22m  name: [32m'Error'[39m,
[2m[WebServer] [22m  message: [32m'Instagram feed misconfigured: missing INSTAGRAM_ACCESS_TOKEN or INSTAGRAM_USER_ID'[39m
[2m[WebServer] [22m}
[2m[WebServer] [22m[acroxtv-feed] Instagram unavailable without snapshot {
[2m[WebServer] [22m  name: [32m'Error'[39m,
[2m[WebServer] [22m  message: [32m'Instagram feed misconfigured: missing INSTAGRAM_ACCESS_TOKEN or INSTAGRAM_USER_ID'[39m
[2m[WebServer] [22m}
[2m[WebServer] [22m[acroxtv-feed] Instagram fetch failed {
[2m[WebServer] [22m  name: [32m'Error'[39m,
[2m[WebServer] [22m  message: [32m'Instagram feed misconfigured: missing INSTAGRAM_ACCESS_TOKEN or INSTAGRAM_USER_ID'[39m
[2m[WebServer] [22m}
[2m[WebServer] [22m[acroxtv-feed] Instagram unavailable without snapshot {
[2m[WebServer] [22m  name: [32m'Error'[39m,
[2m[WebServer] [22m  message: [32m'Instagram feed misconfigured: missing INSTAGRAM_ACCESS_TOKEN or INSTAGRAM_USER_ID'[39m
[2m[WebServer] [22m}
[2m[WebServer] [22m[acroxtv-feed] Instagram fetch failed {
[2m[WebServer] [22m  name: [32m'Error'[39m,
[2m[WebServer] [22m  message: [32m'Instagram feed misconfigured: missing INSTAGRAM_ACCESS_TOKEN or INSTAGRAM_USER_ID'[39m
[2m[WebServer] [22m}
[2m[WebServer] [22m[acroxtv-feed] Instagram unavailable without snapshot {
[2m[WebServer] [22m  name: [32m'Error'[39m,
[2m[WebServer] [22m  message: [32m'Instagram feed misconfigured: missing INSTAGRAM_ACCESS_TOKEN or INSTAGRAM_USER_ID'[39m
[2m[WebServer] [22m}
[2m[WebServer] [22m[acroxtv-feed] Instagram fetch failed {
[2m[WebServer] [22m  name: [32m'Error'[39m,
[2m[WebServer] [22m  message: [32m'Instagram feed misconfigured: missing INSTAGRAM_ACCESS_TOKEN or INSTAGRAM_USER_ID'[39m
[2m[WebServer] [22m}
[2m[WebServer] [22m[acroxtv-feed] Instagram unavailable without snapshot {
[2m[WebServer] [22m  name: [32m'Error'[39m,
[2m[WebServer] [22m  message: [32m'Instagram feed misconfigured: missing INSTAGRAM_ACCESS_TOKEN or INSTAGRAM_USER_ID'[39m
[2m[WebServer] [22m}
[2m[WebServer] [22m[acroxtv-feed] Instagram fetch failed {
[2m[WebServer] [22m  name: [32m'Error'[39m,
[2m[WebServer] [22m  message: [32m'Instagram feed misconfigured: missing INSTAGRAM_ACCESS_TOKEN or INSTAGRAM_USER_ID'[39m
[2m[WebServer] [22m}
[2m[WebServer] [22m[acroxtv-feed] Instagram unavailable without snapshot {
[2m[WebServer] [22m  name: [32m'Error'[39m,
[2m[WebServer] [22m  message: [32m'Instagram feed misconfigured: missing INSTAGRAM_ACCESS_TOKEN or INSTAGRAM_USER_ID'[39m
[2m[WebServer] [22m}
  ✓   2 [chromium] › tests/e2e/acroxtv-program-media-preview.spec.ts:123:7 › program media previews › keeps the program feed isolated and renders an honest unavailable Instagram card plus Footer (2.9s)
  ✓   1 [chromium] › tests/e2e/acroxtv-program-media-preview.spec.ts:90:7 › program media previews › closes the latest preview after outside interaction (2.9s)
  ✓   4 [chromium] › tests/e2e/acroxtv-program-media-preview.spec.ts:101:7 › program media previews › fills the latest preview media container on desktop (2.9s)
[2m[WebServer] [22m[acroxtv-feed] Instagram fetch failed {
[2m[WebServer] [22m  name: [32m'Error'[39m,
[2m[WebServer] [22m  message: [32m'Instagram feed misconfigured: missing INSTAGRAM_ACCESS_TOKEN or INSTAGRAM_USER_ID'[39m
[2m[WebServer] [22m}
[2m[WebServer] [22m[acroxtv-feed] Instagram unavailable without snapshot {
[2m[WebServer] [22m  name: [32m'Error'[39m,
[2m[WebServer] [22m  message: [32m'Instagram feed misconfigured: missing INSTAGRAM_ACCESS_TOKEN or INSTAGRAM_USER_ID'[39m
[2m[WebServer] [22m}
[2m[WebServer] [22m[acroxtv-feed] Instagram fetch failed {
[2m[WebServer] [22m  name: [32m'Error'[39m,
[2m[WebServer] [22m  message: [32m'Instagram feed misconfigured: missing INSTAGRAM_ACCESS_TOKEN or INSTAGRAM_USER_ID'[39m
[2m[WebServer] [22m}
[2m[WebServer] [22m[acroxtv-feed] Instagram unavailable without snapshot {
[2m[WebServer] [22m  name: [32m'Error'[39m,
[2m[WebServer] [22m  message: [32m'Instagram feed misconfigured: missing INSTAGRAM_ACCESS_TOKEN or INSTAGRAM_USER_ID'[39m
[2m[WebServer] [22m}
  ✓   3 [chromium] › tests/e2e/acroxtv-program-media-preview.spec.ts:72:7 › program media previews › opens the scoped latest preview and restores its thumbnail with Escape (3.1s)
  ✓   7 [chromium] › tests/e2e/acroxtv-program-media-preview.spec.ts:178:7 › program media previews › stacks the home-style media cards without overflow on mobile (936ms)
  ✓   6 [chromium] › tests/e2e/acroxtv-program-media-preview.spec.ts:143:7 › program media previews › presents a dominant lead preview above three equal home-style media cards on desktop (1.1s)
[2m[WebServer] [22m[acroxtv-feed] Instagram fetch failed {
[2m[WebServer] [22m  name: [32m'Error'[39m,
[2m[WebServer] [22m  message: [32m'Instagram feed misconfigured: missing INSTAGRAM_ACCESS_TOKEN or INSTAGRAM_USER_ID'[39m
[2m[WebServer] [22m}
[2m[WebServer] [22m[acroxtv-feed] Instagram unavailable without snapshot {
[2m[WebServer] [22m  name: [32m'Error'[39m,
[2m[WebServer] [22m  message: [32m'Instagram feed misconfigured: missing INSTAGRAM_ACCESS_TOKEN or INSTAGRAM_USER_ID'[39m
[2m[WebServer] [22m}
[2m[WebServer] [22m[acroxtv-feed] Instagram fetch failed {
[2m[WebServer] [22m  name: [32m'Error'[39m,
[2m[WebServer] [22m  message: [32m'Instagram feed misconfigured: missing INSTAGRAM_ACCESS_TOKEN or INSTAGRAM_USER_ID'[39m
[2m[WebServer] [22m}
[2m[WebServer] [22m[acroxtv-feed] Instagram unavailable without snapshot {
[2m[WebServer] [22m  name: [32m'Error'[39m,
[2m[WebServer] [22m  message: [32m'Instagram feed misconfigured: missing INSTAGRAM_ACCESS_TOKEN or INSTAGRAM_USER_ID'[39m
[2m[WebServer] [22m}
  ✓   5 [chromium] › tests/e2e/acroxtv-program-media-preview.spec.ts:108:7 › program media previews › reuses the home carousel contract for the scoped YouTube cards without external controls (6.7s)
  ✓   8 [firefox] › tests/e2e/acroxtv-program-media-preview.spec.ts:72:7 › program media previews › opens the scoped latest preview and restores its thumbnail with Escape (2.3s)
[2m[WebServer] [22m[acroxtv-feed] Instagram fetch failed {
[2m[WebServer] [22m  name: [32m'Error'[39m,
[2m[WebServer] [22m  message: [32m'Instagram feed misconfigured: missing INSTAGRAM_ACCESS_TOKEN or INSTAGRAM_USER_ID'[39m
[2m[WebServer] [22m}
[2m[WebServer] [22m[acroxtv-feed] Instagram unavailable without snapshot {
[2m[WebServer] [22m  name: [32m'Error'[39m,
[2m[WebServer] [22m  message: [32m'Instagram feed misconfigured: missing INSTAGRAM_ACCESS_TOKEN or INSTAGRAM_USER_ID'[39m
[2m[WebServer] [22m}
[2m[WebServer] [22m[acroxtv-feed] Instagram fetch failed {
[2m[WebServer] [22m  name: [32m'Error'[39m,
[2m[WebServer] [22m  message: [32m'Instagram feed misconfigured: missing INSTAGRAM_ACCESS_TOKEN or INSTAGRAM_USER_ID'[39m
[2m[WebServer] [22m}
[2m[WebServer] [22m[acroxtv-feed] Instagram unavailable without snapshot {
[2m[WebServer] [22m  name: [32m'Error'[39m,
[2m[WebServer] [22m  message: [32m'Instagram feed misconfigured: missing INSTAGRAM_ACCESS_TOKEN or INSTAGRAM_USER_ID'[39m
[2m[WebServer] [22m}
  ✓   9 [firefox] › tests/e2e/acroxtv-program-media-preview.spec.ts:90:7 › program media previews › closes the latest preview after outside interaction (2.5s)
[2m[WebServer] [22m[acroxtv-feed] Instagram fetch failed {
[2m[WebServer] [22m  name: [32m'Error'[39m,
[2m[WebServer] [22m  message: [32m'Instagram feed misconfigured: missing INSTAGRAM_ACCESS_TOKEN or INSTAGRAM_USER_ID'[39m
[2m[WebServer] [22m}
[2m[WebServer] [22m[acroxtv-feed] Instagram unavailable without snapshot {
[2m[WebServer] [22m  name: [32m'Error'[39m,
[2m[WebServer] [22m  message: [32m'Instagram feed misconfigured: missing INSTAGRAM_ACCESS_TOKEN or INSTAGRAM_USER_ID'[39m
[2m[WebServer] [22m}
[2m[WebServer] [22m[acroxtv-feed] Instagram fetch failed {
[2m[WebServer] [22m  name: [32m'Error'[39m,
[2m[WebServer] [22m  message: [32m'Instagram feed misconfigured: missing INSTAGRAM_ACCESS_TOKEN or INSTAGRAM_USER_ID'[39m
[2m[WebServer] [22m}
[2m[WebServer] [22m[acroxtv-feed] Instagram unavailable without snapshot {
[2m[WebServer] [22m  name: [32m'Error'[39m,
[2m[WebServer] [22m  message: [32m'Instagram feed misconfigured: missing INSTAGRAM_ACCESS_TOKEN or INSTAGRAM_USER_ID'[39m
[2m[WebServer] [22m}
  ✓  10 [firefox] › tests/e2e/acroxtv-program-media-preview.spec.ts:101:7 › program media previews › fills the latest preview media container on desktop (2.7s)
  ✓  12 [firefox] › tests/e2e/acroxtv-program-media-preview.spec.ts:143:7 › program media previews › presents a dominant lead preview above three equal home-style media cards on desktop (1.4s)
  ✓  13 [firefox] › tests/e2e/acroxtv-program-media-preview.spec.ts:178:7 › program media previews › stacks the home-style media cards without overflow on mobile (1.5s)
[2m[WebServer] [22m[acroxtv-feed] Instagram fetch failed {
[2m[WebServer] [22m  name: [32m'Error'[39m,
[2m[WebServer] [22m  message: [32m'Instagram feed misconfigured: missing INSTAGRAM_ACCESS_TOKEN or INSTAGRAM_USER_ID'[39m
[2m[WebServer] [22m}
[2m[WebServer] [22m[acroxtv-feed] Instagram unavailable without snapshot {
[2m[WebServer] [22m  name: [32m'Error'[39m,
[2m[WebServer] [22m  message: [32m'Instagram feed misconfigured: missing INSTAGRAM_ACCESS_TOKEN or INSTAGRAM_USER_ID'[39m
[2m[WebServer] [22m}
[2m[WebServer] [22m[acroxtv-feed] Instagram fetch failed {
[2m[WebServer] [22m  name: [32m'Error'[39m,
[2m[WebServer] [22m  message: [32m'Instagram feed misconfigured: missing INSTAGRAM_ACCESS_TOKEN or INSTAGRAM_USER_ID'[39m
[2m[WebServer] [22m}
[2m[WebServer] [22m[acroxtv-feed] Instagram unavailable without snapshot {
[2m[WebServer] [22m  name: [32m'Error'[39m,
[2m[WebServer] [22m  message: [32m'Instagram feed misconfigured: missing INSTAGRAM_ACCESS_TOKEN or INSTAGRAM_USER_ID'[39m
[2m[WebServer] [22m}
[2m[WebServer] [22m[acroxtv-feed] Instagram fetch failed {
[2m[WebServer] [22m  name: [32m'Error'[39m,
[2m[WebServer] [22m  message: [32m'Instagram feed misconfigured: missing INSTAGRAM_ACCESS_TOKEN or INSTAGRAM_USER_ID'[39m
[2m[WebServer] [22m}
[2m[WebServer] [22m[acroxtv-feed] Instagram unavailable without snapshot {
[2m[WebServer] [22m  name: [32m'Error'[39m,
[2m[WebServer] [22m  message: [32m'Instagram feed misconfigured: missing INSTAGRAM_ACCESS_TOKEN or INSTAGRAM_USER_ID'[39m
[2m[WebServer] [22m}
  ✓  14 [firefox] › tests/e2e/acroxtv-program-media-preview.spec.ts:123:7 › program media previews › keeps the program feed isolated and renders an honest unavailable Instagram card plus Footer (2.6s)
  ✓  16 [webkit] › tests/e2e/acroxtv-program-media-preview.spec.ts:90:7 › program media previews › closes the latest preview after outside interaction (1.3s)
  ✓  15 [webkit] › tests/e2e/acroxtv-program-media-preview.spec.ts:72:7 › program media previews › opens the scoped latest preview and restores its thumbnail with Escape (1.4s)
[2m[WebServer] [22m[acroxtv-feed] Instagram fetch failed {
[2m[WebServer] [22m  name: [32m'Error'[39m,
[2m[WebServer] [22m  message: [32m'Instagram feed misconfigured: missing INSTAGRAM_ACCESS_TOKEN or INSTAGRAM_USER_ID'[39m
[2m[WebServer] [22m}
[2m[WebServer] [22m[acroxtv-feed] Instagram unavailable without snapshot {
[2m[WebServer] [22m  name: [32m'Error'[39m,
[2m[WebServer] [22m  message: [32m'Instagram feed misconfigured: missing INSTAGRAM_ACCESS_TOKEN or INSTAGRAM_USER_ID'[39m
[2m[WebServer] [22m}
[2m[WebServer] [22m[acroxtv-feed] Instagram fetch failed {
[2m[WebServer] [22m  name: [32m'Error'[39m,
[2m[WebServer] [22m  message: [32m'Instagram feed misconfigured: missing INSTAGRAM_ACCESS_TOKEN or INSTAGRAM_USER_ID'[39m
[2m[WebServer] [22m}
[2m[WebServer] [22m[acroxtv-feed] Instagram unavailable without snapshot {
[2m[WebServer] [22m  name: [32m'Error'[39m,
[2m[WebServer] [22m  message: [32m'Instagram feed misconfigured: missing INSTAGRAM_ACCESS_TOKEN or INSTAGRAM_USER_ID'[39m
[2m[WebServer] [22m}
[2m[WebServer] [22m[acroxtv-feed] Instagram fetch failed {
[2m[WebServer] [22m  name: [32m'Error'[39m,
[2m[WebServer] [22m  message: [32m'Instagram feed misconfigured: missing INSTAGRAM_ACCESS_TOKEN or INSTAGRAM_USER_ID'[39m
[2m[WebServer] [22m}
[2m[WebServer] [22m[acroxtv-feed] Instagram unavailable without snapshot {
[2m[WebServer] [22m  name: [32m'Error'[39m,
[2m[WebServer] [22m  message: [32m'Instagram feed misconfigured: missing INSTAGRAM_ACCESS_TOKEN or INSTAGRAM_USER_ID'[39m
[2m[WebServer] [22m}
  ✓  18 [webkit] › tests/e2e/acroxtv-program-media-preview.spec.ts:123:7 › program media previews › keeps the program feed isolated and renders an honest unavailable Instagram card plus Footer (844ms)
  ✓  17 [webkit] › tests/e2e/acroxtv-program-media-preview.spec.ts:101:7 › program media previews › fills the latest preview media container on desktop (1.2s)
  ✓  19 [webkit] › tests/e2e/acroxtv-program-media-preview.spec.ts:143:7 › program media previews › presents a dominant lead preview above three equal home-style media cards on desktop (1.1s)
[2m[WebServer] [22m[acroxtv-feed] Instagram fetch failed {
[2m[WebServer] [22m  name: [32m'Error'[39m,
[2m[WebServer] [22m  message: [32m'Instagram feed misconfigured: missing INSTAGRAM_ACCESS_TOKEN or INSTAGRAM_USER_ID'[39m
[2m[WebServer] [22m}
[2m[WebServer] [22m[acroxtv-feed] Instagram unavailable without snapshot {
[2m[WebServer] [22m  name: [32m'Error'[39m,
[2m[WebServer] [22m  message: [32m'Instagram feed misconfigured: missing INSTAGRAM_ACCESS_TOKEN or INSTAGRAM_USER_ID'[39m
[2m[WebServer] [22m}
  ✓  20 [webkit] › tests/e2e/acroxtv-program-media-preview.spec.ts:178:7 › program media previews › stacks the home-style media cards without overflow on mobile (576ms)
  ✓  11 [firefox] › tests/e2e/acroxtv-program-media-preview.spec.ts:108:7 › program media previews › reuses the home carousel contract for the scoped YouTube cards without external controls (7.0s)
[2m[WebServer] [22m[acroxtv-feed] Instagram fetch failed {
[2m[WebServer] [22m  name: [32m'Error'[39m,
[2m[WebServer] [22m  message: [32m'Instagram feed misconfigured: missing INSTAGRAM_ACCESS_TOKEN or INSTAGRAM_USER_ID'[39m
[2m[WebServer] [22m}
[2m[WebServer] [22m[acroxtv-feed] Instagram unavailable without snapshot {
[2m[WebServer] [22m  name: [32m'Error'[39m,
[2m[WebServer] [22m  message: [32m'Instagram feed misconfigured: missing INSTAGRAM_ACCESS_TOKEN or INSTAGRAM_USER_ID'[39m
[2m[WebServer] [22m}
[2m[WebServer] [22m[acroxtv-feed] Instagram fetch failed {
[2m[WebServer] [22m  name: [32m'Error'[39m,
[2m[WebServer] [22m  message: [32m'Instagram feed misconfigured: missing INSTAGRAM_ACCESS_TOKEN or INSTAGRAM_USER_ID'[39m
[2m[WebServer] [22m}
[2m[WebServer] [22m[acroxtv-feed] Instagram unavailable without snapshot {
[2m[WebServer] [22m  name: [32m'Error'[39m,
[2m[WebServer] [22m  message: [32m'Instagram feed misconfigured: missing INSTAGRAM_ACCESS_TOKEN or INSTAGRAM_USER_ID'[39m
[2m[WebServer] [22m}
  ✓  22 [mobile] › tests/e2e/acroxtv-program-media-preview.spec.ts:134:7 › program media previews › fills the latest preview media container without mobile overflow @mobile (819ms)
  ✓  21 [webkit] › tests/e2e/acroxtv-program-media-preview.spec.ts:108:7 › program media previews › reuses the home carousel contract for the scoped YouTube cards without external controls (5.0s)

  22 passed (23.0s)
